Microchip MPLAB XC8 Compiler V1.33 ()

Linker command line:

--edf=C:\Program Files (x86)\Microchip\xc8\v1.33\dat\en_msgs.txt -cs \
  -h+1827_gourobo.sym --cmf=1827_gourobo.cmf -z -Q16F1827 \
  -oC:\Users\tkt1205\AppData\Local\Temp\s30c.6 -M1827_gourobo.map -E1 \
  -ver=XC8 -ASTACK=0201Dh-0216fh -pstack=STACK -ACONST=00h-0FFhx16 \
  -ACODE=00h-07FFhx2 -ASTRCODE=00h-0FFFh -AENTRY=00h-0FFhx16 \
  -ASTRING=00h-0FFhx16 -ACOMMON=070h-07Fh -ABANK0=020h-06Fh \
  -ABANK1=0A0h-0EFh -ABANK2=0120h-016Fh -ABANK3=01A0h-01EFh \
  -ABANK4=0220h-024Fh -ABIGRAM=02000h-0216Fh \
  -ARAM=020h-06Fh,0A0h-0EFh,0120h-016Fh,01A0h-01EFh,0220h-024Fh \
  -AABS1=020h-07Fh,0A0h-0EFh,0120h-016Fh,01A0h-01EFh,0220h-024Fh \
  -ASFR0=00h-01Fh -ASFR1=080h-09Fh -ASFR2=0100h-011Fh -ASFR3=0180h-019Fh \
  -ASFR4=0200h-021Fh -ASFR5=0280h-02EFh -ASFR6=0300h-036Fh \
  -ASFR7=0380h-03EFh -ASFR8=0400h-046Fh -ASFR9=0480h-04EFh \
  -ASFR10=0500h-056Fh -ASFR11=0580h-05EFh -ASFR12=0600h-066Fh \
  -ASFR13=0680h-06EFh -ASFR14=0700h-076Fh -ASFR15=0780h-07EFh \
  -ASFR16=0800h-086Fh -ASFR17=0880h-08EFh -ASFR18=0900h-096Fh \
  -ASFR19=0980h-09EFh -ASFR20=0A00h-0A6Fh -ASFR21=0A80h-0AEFh \
  -ASFR22=0B00h-0B6Fh -ASFR23=0B80h-0BEFh -ASFR24=0C00h-0C6Fh \
  -ASFR25=0C80h-0CEFh -ASFR26=0D00h-0D6Fh -ASFR27=0D80h-0DEFh \
  -ASFR28=0E00h-0E6Fh -ASFR29=0E80h-0EEFh -ASFR30=0F00h-0F6Fh \
  -ASFR31=0F80h-0FEFh -preset_vec=00h,intentry,init,end_init -ppowerup=CODE \
  -pcinit=CODE -pfunctab=CODE -ACONFIG=08007h-08008h -pconfig=CONFIG \
  -DCONFIG=2 -AIDLOC=08000h-08003h -pidloc=IDLOC -DIDLOC=2 \
  -AEEDATA=00h-0FFh/0F000h -peeprom_data=EEDATA -DEEDATA=2 -DCODE=2 \
  -DSTRCODE=2 -DSTRING=2 -DCONST=2 -DENTRY=2 -k startup.obj \
  1827_gourobo.obj 

Object code version is 3.11

Machine type is 16F1827



                Name                               Link     Load   Length Selector   Space Scale
startup.obj     end_init                              2        2        2        0       0
                reset_vec                             0        0        2        0       0
                config                             8007     8007        2    1000E       0
1827_gourobo.obj
                cinit                               7F1      7F1        F      FE2       0
                text19                              2F9      2F9       18      5F2       0
                text18                              311      311       18      622       0
                text17                              329      329       18      652       0
                text16                              341      341       18      682       0
                text15                              359      359       1F      6B2       0
                text14                              2E6      2E6       13      5CC       0
                text13                              3C6      3C6       2F      78C       0
                text12                              424      424       39      848       0
                text11                              378      378       20      6F0       0
                text10                              2AF      2AF        B      55E       0
                text9                               2BA      2BA        B      574       0
                text8                               2C5      2C5        B      58A       0
                text7                               2D0      2D0        B      5A0       0
                text6                               398      398       2E      730       0
                text5                               45D      45D       DE      8BA       0
                text4                               619      619       EC      C32       0
                text3                               705      705       EC      E0A       0
                text2                               53B      53B       DE      A76       0
                text1                               2DB      2DB        B      5B6       0
                maintext                            3F5      3F5       2F      7EA       0
                cstackCOMMON                         70       70        A       70       1
                clrtext                             2A9      2A9        6      552       0
                bssBANK0                             20       20       1D       20       1
                bssCOMMON                            7A       7A        4       70       1

TOTAL           Name                               Link     Load   Length     Space
        CLASS   STACK          

        CLASS   CONST          

        CLASS   CODE           
                end_init                              2        2        2         0
                cinit                               7F1      7F1        F         0
                reset_vec                             0        0        2         0
                text19                              2F9      2F9       18         0
                text18                              311      311       18         0
                text17                              329      329       18         0
                text16                              341      341       18         0
                text15                              359      359       1F         0
                text14                              2E6      2E6       13         0
                text13                              3C6      3C6       2F         0
                text12                              424      424       39         0
                text11                              378      378       20         0
                text10                              2AF      2AF        B         0
                text9                               2BA      2BA        B         0
                text8                               2C5      2C5        B         0
                text7                               2D0      2D0        B         0
                text6                               398      398       2E         0
                text5                               45D      45D       DE         0
                text4                               619      619       EC         0
                text3                               705      705       EC         0
                text2                               53B      53B       DE         0
                text1                               2DB      2DB        B         0
                maintext                            3F5      3F5       2F         0
                clrtext                             2A9      2A9        6         0

        CLASS   STRCODE        

        CLASS   ENTRY          

        CLASS   STRING         

        CLASS   COMMON         
                cstackCOMMON                         70       70        A         1
                bssCOMMON                            7A       7A        4         1

        CLASS   BANK0          
                bssBANK0                             20       20       1D         1

        CLASS   BANK1          

        CLASS   BANK2          

        CLASS   BANK3          

        CLASS   BANK4          

        CLASS   BIGRAM         

        CLASS   RAM            

        CLASS   ABS1           
                abs_s1                               7E       7E        2         1

        CLASS   SFR0           

        CLASS   SFR1           

        CLASS   SFR2           

        CLASS   SFR3           

        CLASS   SFR4           

        CLASS   SFR5           

        CLASS   SFR6           

        CLASS   SFR7           

        CLASS   SFR8           

        CLASS   SFR9           

        CLASS   SFR10          

        CLASS   SFR11          

        CLASS   SFR12          

        CLASS   SFR13          

        CLASS   SFR14          

        CLASS   SFR15          

        CLASS   SFR16          

        CLASS   SFR17          

        CLASS   SFR18          

        CLASS   SFR19          

        CLASS   SFR20          

        CLASS   SFR21          

        CLASS   SFR22          

        CLASS   SFR23          

        CLASS   SFR24          

        CLASS   SFR25          

        CLASS   SFR26          

        CLASS   SFR27          

        CLASS   SFR28          

        CLASS   SFR29          

        CLASS   SFR30          

        CLASS   SFR31          

        CLASS   CONFIG         
                config                             8007     8007        2         0

        CLASS   IDLOC          

        CLASS   EEDATA         

        CLASS   BANK31         

        CLASS   BANK30         

        CLASS   BANK29         

        CLASS   BANK28         

        CLASS   BANK27         

        CLASS   BANK26         

        CLASS   BANK25         

        CLASS   BANK24         

        CLASS   BANK23         

        CLASS   BANK22         

        CLASS   BANK21         

        CLASS   BANK20         

        CLASS   BANK19         

        CLASS   BANK18         

        CLASS   BANK17         

        CLASS   BANK16         

        CLASS   BANK15         

        CLASS   BANK14         

        CLASS   BANK13         

        CLASS   BANK12         

        CLASS   BANK11         

        CLASS   BANK10         

        CLASS   BANK9          

        CLASS   BANK8          

        CLASS   BANK7          

        CLASS   BANK6          

        CLASS   BANK5          



SEGMENTS        Name                           Load    Length   Top    Selector   Space  Class     Delta

                reset_vec                      000000  000004  000004         0       0  CODE        2
                bssBANK0                       000020  00001D  00003D        20       1  BANK0       1
                cstackCOMMON                   000070  00000E  00007E        70       1  COMMON      1
                clrtext                        0002A9  000006  0002AF       552       0  CODE        2
                text10                         0002AF  00000B  0002BA       55E       0  CODE        2
                text9                          0002BA  00000B  0002C5       574       0  CODE        2
                text8                          0002C5  00000B  0002D0       58A       0  CODE        2
                text7                          0002D0  00000B  0002DB       5A0       0  CODE        2
                text1                          0002DB  00000B  0002E6       5B6       0  CODE        2
                text14                         0002E6  000013  0002F9       5CC       0  CODE        2
                text19                         0002F9  000018  000311       5F2       0  CODE        2
                text18                         000311  000018  000329       622       0  CODE        2
                text17                         000329  000018  000341       652       0  CODE        2
                text16                         000341  000018  000359       682       0  CODE        2
                text15                         000359  00001F  000378       6B2       0  CODE        2
                text11                         000378  000020  000398       6F0       0  CODE        2
                text6                          000398  00002E  0003C6       730       0  CODE        2
                text13                         0003C6  00002F  0003F5       78C       0  CODE        2
                maintext                       0003F5  00002F  000424       7EA       0  CODE        2
                text12                         000424  000039  00045D       848       0  CODE        2
                text5                          00045D  0000DE  00053B       8BA       0  CODE        2
                text2                          00053B  0000DE  000619       A76       0  CODE        2
                text4                          000619  0000EC  000705       C32       0  CODE        2
                text3                          000705  0000EC  0007F1       E0A       0  CODE        2
                cinit                          0007F1  00000F  000800       FE2       0  CODE        2
                config                         008007  000002  008009     1000E       0  CONFIG      2


UNUSED ADDRESS RANGES

        Name                Unused          Largest block    Delta
        BANK0            0003D-0006F              33           1
        BANK1            000A0-000EF              50           1
        BANK2            00120-0016F              50           1
        BANK3            001A0-001EF              50           1
        BANK4            00220-0024F              30           1
        BIGRAM           02000-0216F             170           1
        CODE             00004-002A8             2A5           2
                         00800-00FFF             800
        CONST            00004-002A8             100           2
                         00800-00FFF             100
        EEDATA           0F000-0F0FF             100           2
        ENTRY            00004-002A8             100           2
                         00800-00FFF             100
        IDLOC            08000-08003               4           2
        RAM              0003D-0006F              33           1
                         000A0-000EF              50
                         00120-0016F              50
                         001A0-001EF              50
                         00220-0024F              30
        SFR0             00000-0001F              20           1
        SFR1             00080-0009F              20           1
        SFR10            00500-0056F              70           1
        SFR11            00580-005EF              70           1
        SFR12            00600-0066F              70           1
        SFR13            00680-006EF              70           1
        SFR14            00700-0076F              70           1
        SFR15            00780-007EF              70           1
        SFR16            00800-0086F              70           1
        SFR17            00880-008EF              70           1
        SFR18            00900-0096F              70           1
        SFR19            00980-009EF              70           1
        SFR2             00100-0011F              20           1
        SFR20            00A00-00A6F              70           1
        SFR21            00A80-00AEF              70           1
        SFR22            00B00-00B6F              70           1
        SFR23            00B80-00BEF              70           1
        SFR24            00C00-00C6F              70           1
        SFR25            00C80-00CEF              70           1
        SFR26            00D00-00D6F              70           1
        SFR27            00D80-00DEF              70           1
        SFR28            00E00-00E6F              70           1
        SFR29            00E80-00EEF              70           1
        SFR3             00180-0019F              20           1
        SFR30            00F00-00F6F              70           1
        SFR31            00F80-00FEF              70           1
        SFR4             00200-0021F              20           1
        SFR5             00280-002EF              70           1
        SFR6             00300-0036F              70           1
        SFR7             00380-003EF              70           1
        SFR8             00400-0046F              70           1
        SFR9             00480-004EF              70           1
        STACK            0201D-0216F             153           1
        STRCODE          00004-002A8             2A5           2
                         00800-00FFF             800
        STRING           00004-002A8             100           2
                         00800-00FFF             100

                                  Symbol Table

OpenPWM1@period          cstackCOMMON 00071
OpenPWM2@period          cstackCOMMON 00071
OpenPWM3@period          cstackCOMMON 00071
OpenPWM4@period          cstackCOMMON 00071
SetPWM1@dutycycle        cstackCOMMON 00070
SetPWM2@dutycycle        cstackCOMMON 00070
SetPWM3@dutycycle        cstackCOMMON 00070
SetPWM4@dutycycle        cstackCOMMON 00070
_ADCON0                  (abs)        0009D
_ADCON1                  (abs)        0009E
_ADGO                    (abs)        004E9
_ADON                    (abs)        004E8
_ADRESH                  (abs)        0009C
_ADRESL                  (abs)        0009B
_ANSELA                  (abs)        0018C
_ANSELB                  (abs)        0018D
_C1ON                    (abs)        0088F
_CCP1CON                 (abs)        00293
_CCP2CON                 (abs)        0029A
_CCP3CON                 (abs)        00313
_CCP4CON                 (abs)        0031A
_CCPR1L                  (abs)        00291
_CCPR2L                  (abs)        00298
_CCPR3L                  (abs)        00311
_CCPR4L                  (abs)        00318
_CREN                    (abs)        00CEC
_GIE                     (abs)        0005F
_INTCON                  (abs)        0000B
_LATA0                   (abs)        00860
_LATA1                   (abs)        00861
_LATA6                   (abs)        00866
_LATA7                   (abs)        00867
_LATB7                   (abs)        0086F
_OERR                    (abs)        00CE9
_OSCCON                  (abs)        00099
_OpenPWM1                text10       002AF
_OpenPWM2                text9        002BA
_OpenPWM3                text8        002C5
_OpenPWM4                text7        002D0
_PR2                     (abs)        0001B
_PWML1                   bssBANK0     00026
_PWML2                   bssBANK0     00028
_PWMR1                   bssBANK0     0002A
_PWMR2                   bssBANK0     0002C
_PWMload1                bssBANK0     0002E
_PWMload2                bssBANK0     00030
_PWMpwl1                 bssBANK0     00032
_PWMpwl2                 bssBANK0     00034
_RCIF                    (abs)        0008D
_RCREG                   (abs)        00199
_RCSTA                   (abs)        0019D
_RXDTSEL                 (abs)        008EF
_SPBRG                   (abs)        0019B
_SetPWM1                 text19       002F9
_SetPWM2                 text18       00311
_SetPWM3                 text17       00329
_SetPWM4                 text16       00341
_T2CON                   (abs)        0001C
_TRISA                   (abs)        0008C
_TRISB                   (abs)        0008D
_TRISB2                  (abs)        0046A
_TRISB5                  (abs)        0046D
_TXCKSEL                 (abs)        008F0
_TXIF                    (abs)        0008C
_TXREG                   (abs)        0019A
_TXSTA                   (abs)        0019E
__CFG_BORV$HI            (abs)        00000
__CFG_FCMEN$OFF          (abs)        00000
__CFG_FOSC$INTOSC        (abs)        00000
__CFG_IESO$OFF           (abs)        00000
__CFG_LVP$OFF            (abs)        00000
__CFG_MCLRE$OFF          (abs)        00000
__CFG_PWRTE$ON           (abs)        00000
__CFG_WDTE$OFF           (abs)        00000
__Habs1                  abs1         00000
__Hbank0                 bank0        00000
__Hbank1                 bank1        00000
__Hbank10                bank10       00000
__Hbank11                bank11       00000
__Hbank12                bank12       00000
__Hbank13                bank13       00000
__Hbank14                bank14       00000
__Hbank15                bank15       00000
__Hbank16                bank16       00000
__Hbank17                bank17       00000
__Hbank18                bank18       00000
__Hbank19                bank19       00000
__Hbank2                 bank2        00000
__Hbank20                bank20       00000
__Hbank21                bank21       00000
__Hbank22                bank22       00000
__Hbank23                bank23       00000
__Hbank24                bank24       00000
__Hbank25                bank25       00000
__Hbank26                bank26       00000
__Hbank27                bank27       00000
__Hbank28                bank28       00000
__Hbank29                bank29       00000
__Hbank3                 bank3        00000
__Hbank30                bank30       00000
__Hbank31                bank31       00000
__Hbank4                 bank4        00000
__Hbank5                 bank5        00000
__Hbank6                 bank6        00000
__Hbank7                 bank7        00000
__Hbank8                 bank8        00000
__Hbank9                 bank9        00000
__Hbigram                bigram       00000
__HbssBANK0              bssBANK0     00000
__HbssCOMMON             bssCOMMON    00000
__Hcinit                 cinit        00800
__Hclrtext               clrtext      00000
__Hcode                  code         00000
__Hcommon                common       00000
__Hconfig                config       08009
__HcstackCOMMON          cstackCOMMON 00000
__Heeprom_data           eeprom_data  00000
__Hend_init              end_init     00004
__Hfunctab               functab      00000
__Hidloc                 idloc        00000
__Hinit                  init         00002
__Hintentry              intentry     00002
__Hmaintext              maintext     00000
__Hpowerup               powerup      00000
__Hram                   ram          00000
__Hreset_vec             reset_vec    00002
__Hsfr0                  sfr0         00000
__Hsfr1                  sfr1         00000
__Hsfr10                 sfr10        00000
__Hsfr11                 sfr11        00000
__Hsfr12                 sfr12        00000
__Hsfr13                 sfr13        00000
__Hsfr14                 sfr14        00000
__Hsfr15                 sfr15        00000
__Hsfr16                 sfr16        00000
__Hsfr17                 sfr17        00000
__Hsfr18                 sfr18        00000
__Hsfr19                 sfr19        00000
__Hsfr2                  sfr2         00000
__Hsfr20                 sfr20        00000
__Hsfr21                 sfr21        00000
__Hsfr22                 sfr22        00000
__Hsfr23                 sfr23        00000
__Hsfr24                 sfr24        00000
__Hsfr25                 sfr25        00000
__Hsfr26                 sfr26        00000
__Hsfr27                 sfr27        00000
__Hsfr28                 sfr28        00000
__Hsfr29                 sfr29        00000
__Hsfr3                  sfr3         00000
__Hsfr30                 sfr30        00000
__Hsfr31                 sfr31        00000
__Hsfr4                  sfr4         00000
__Hsfr5                  sfr5         00000
__Hsfr6                  sfr6         00000
__Hsfr7                  sfr7         00000
__Hsfr8                  sfr8         00000
__Hsfr9                  sfr9         00000
__Hspace_0               (abs)        08009
__Hspace_1               (abs)        0007E
__Hspace_2               (abs)        00000
__Hspace_3               (abs)        00000
__Hstack                 stack        00000
__Hstrings               strings      00000
__Htext                  text         00000
__Labs1                  abs1         00000
__Lbank0                 bank0        00000
__Lbank1                 bank1        00000
__Lbank10                bank10       00000
__Lbank11                bank11       00000
__Lbank12                bank12       00000
__Lbank13                bank13       00000
__Lbank14                bank14       00000
__Lbank15                bank15       00000
__Lbank16                bank16       00000
__Lbank17                bank17       00000
__Lbank18                bank18       00000
__Lbank19                bank19       00000
__Lbank2                 bank2        00000
__Lbank20                bank20       00000
__Lbank21                bank21       00000
__Lbank22                bank22       00000
__Lbank23                bank23       00000
__Lbank24                bank24       00000
__Lbank25                bank25       00000
__Lbank26                bank26       00000
__Lbank27                bank27       00000
__Lbank28                bank28       00000
__Lbank29                bank29       00000
__Lbank3                 bank3        00000
__Lbank30                bank30       00000
__Lbank31                bank31       00000
__Lbank4                 bank4        00000
__Lbank5                 bank5        00000
__Lbank6                 bank6        00000
__Lbank7                 bank7        00000
__Lbank8                 bank8        00000
__Lbank9                 bank9        00000
__Lbigram                bigram       00000
__LbssBANK0              bssBANK0     00000
__LbssCOMMON             bssCOMMON    00000
__Lcinit                 cinit        007F1
__Lclrtext               clrtext      00000
__Lcode                  code         00000
__Lcommon                common       00000
__Lconfig                config       08007
__LcstackCOMMON          cstackCOMMON 00000
__Leeprom_data           eeprom_data  00000
__Lend_init              end_init     00002
__Lfunctab               functab      00000
__Lidloc                 idloc        00000
__Linit                  init         00002
__Lintentry              intentry     00002
__Lmaintext              maintext     00000
__Lpowerup               powerup      00000
__Lram                   ram          00000
__Lreset_vec             reset_vec    00000
__Lsfr0                  sfr0         00000
__Lsfr1                  sfr1         00000
__Lsfr10                 sfr10        00000
__Lsfr11                 sfr11        00000
__Lsfr12                 sfr12        00000
__Lsfr13                 sfr13        00000
__Lsfr14                 sfr14        00000
__Lsfr15                 sfr15        00000
__Lsfr16                 sfr16        00000
__Lsfr17                 sfr17        00000
__Lsfr18                 sfr18        00000
__Lsfr19                 sfr19        00000
__Lsfr2                  sfr2         00000
__Lsfr20                 sfr20        00000
__Lsfr21                 sfr21        00000
__Lsfr22                 sfr22        00000
__Lsfr23                 sfr23        00000
__Lsfr24                 sfr24        00000
__Lsfr25                 sfr25        00000
__Lsfr26                 sfr26        00000
__Lsfr27                 sfr27        00000
__Lsfr28                 sfr28        00000
__Lsfr29                 sfr29        00000
__Lsfr3                  sfr3         00000
__Lsfr30                 sfr30        00000
__Lsfr31                 sfr31        00000
__Lsfr4                  sfr4         00000
__Lsfr5                  sfr5         00000
__Lsfr6                  sfr6         00000
__Lsfr7                  sfr7         00000
__Lsfr8                  sfr8         00000
__Lsfr9                  sfr9         00000
__Lspace_0               (abs)        00000
__Lspace_1               (abs)        00000
__Lspace_2               (abs)        00000
__Lspace_3               (abs)        00000
__Lstack                 stack        00000
__Lstrings               strings      00000
__Ltext                  text         00000
__S0                     (abs)        08009
__S1                     (abs)        0007E
__S2                     (abs)        00000
__S3                     (abs)        00000
___int_sp                stack        00000
___latbits               (abs)        00001
___sp                    stack        00000
__end_of_OpenPWM1        text10       002BA
__end_of_OpenPWM2        text9        002C5
__end_of_OpenPWM3        text8        002D0
__end_of_OpenPWM4        text7        002DB
__end_of_SetPWM1         text19       00311
__end_of_SetPWM2         text18       00329
__end_of_SetPWM3         text17       00341
__end_of_SetPWM4         text16       00359
__end_of__initialization cinit        007FC
__end_of_emergency       text15       00378
__end_of_get_usart       text12       0045D
__end_of_getch           text14       002F9
__end_of_inRxData        text13       003F5
__end_of_init            text11       00398
__end_of_init_pwm        text6        003C6
__end_of_loading         text5        0053B
__end_of_main            maintext     00424
__end_of_movetire1       text4        00705
__end_of_movetire2       text3        007F1
__end_of_rotation        text2        00619
__end_of_shooting        text1        002E6
__initialization         cinit        007F1
__pbssBANK0              bssBANK0     00020
__pbssCOMMON             bssCOMMON    0007A
__pcstackCOMMON          cstackCOMMON 00070
__pmaintext              maintext     003F5
__ptext0                 text0        00000
__ptext1                 text1        002DB
__ptext10                text10       002AF
__ptext11                text11       00378
__ptext12                text12       00424
__ptext13                text13       003C6
__ptext14                text14       002E6
__ptext15                text15       00359
__ptext16                text16       00341
__ptext17                text17       00329
__ptext18                text18       00311
__ptext19                text19       002F9
__ptext2                 text2        0053B
__ptext3                 text3        00705
__ptext4                 text4        00619
__ptext5                 text5        0045D
__ptext6                 text6        00398
__ptext7                 text7        002D0
__ptext8                 text8        002C5
__ptext9                 text9        002BA
__size_of_OpenPWM1       (abs)        00000
__size_of_OpenPWM2       (abs)        00000
__size_of_OpenPWM3       (abs)        00000
__size_of_OpenPWM4       (abs)        00000
__size_of_SetPWM1        (abs)        00000
__size_of_SetPWM2        (abs)        00000
__size_of_SetPWM3        (abs)        00000
__size_of_SetPWM4        (abs)        00000
__size_of_emergency      (abs)        00000
__size_of_get_usart      (abs)        00000
__size_of_getch          (abs)        00000
__size_of_inRxData       (abs)        00000
__size_of_init           (abs)        00000
__size_of_init_pwm       (abs)        00000
__size_of_loading        (abs)        00000
__size_of_main           (abs)        00000
__size_of_movetire1      (abs)        00000
__size_of_movetire2      (abs)        00000
__size_of_rotation       (abs)        00000
__size_of_shooting       (abs)        00000
_addata                  bssBANK0     00036
_contORE                 bssBANK0     0003C
_data                    bssBANK0     00020
_emergency               text15       00359
_get_usart               text12       00424
_getch                   text14       002E6
_inRxData                text13       003C6
_init                    text11       00378
_init_pwm                text6        00398
_loading                 text5        0045D
_main                    maintext     003F5
_movetire1               text4        00619
_movetire2               text3        00705
_pwml                    bssCOMMON    0007A
_pwmload                 bssBANK0     00038
_pwmpwl                  bssBANK0     0003A
_pwmr                    bssCOMMON    0007C
_rotation                text2        0053B
_shooting                text1        002DB
btemp                    (abs)        0007E
clear_ram0               clrtext      002A9
end_of_initialization    cinit        007FC
get_usart@i              cstackCOMMON 00076
getch@cnt                cstackCOMMON 00070
inRxData@cnt1            cstackCOMMON 00071
inRxData@cnt2            cstackCOMMON 00073
inRxData@rxData          cstackCOMMON 00070
intlevel0                functab      00000
intlevel1                functab      00000
intlevel2                functab      00000
intlevel3                functab      00000
intlevel4                functab      00000
intlevel5                functab      00000
ltemp                    (abs)        0007E
ltemp0                   (abs)        0007E
ltemp1                   (abs)        00082
ltemp2                   (abs)        00086
ltemp3                   (abs)        00080
main@cntError            cstackCOMMON 00078
pic14e$flags             (abs)        0007E
reset_vec                reset_vec    00000
stackhi                  (abs)        0216F
stacklo                  (abs)        0201D
start                    init         00002
start_initialization     cinit        007F1
ttemp                    (abs)        0007E
ttemp0                   (abs)        0007E
ttemp1                   (abs)        00081
ttemp2                   (abs)        00084
ttemp3                   (abs)        00087
ttemp4                   (abs)        0007F
wtemp                    (abs)        0007E
wtemp0                   (abs)        0007E
wtemp1                   (abs)        00080
wtemp2                   (abs)        00082
wtemp3                   (abs)        00084
wtemp4                   (abs)        00086
wtemp5                   (abs)        00088
wtemp6                   (abs)        0007F


FUNCTION INFORMATION:

 *************** function _main *****************
 Defined at:
		line 73 in file "C:\pic program\1827_gourobo\main.c"
 Parameters:    Size  Location     Type
		None
 Auto vars:     Size  Location     Type
  cntError        2    8[COMMON] unsigned int 
 Return value:  Size  Location     Type
		None               void
 Registers used:
		wreg, fsr1l, fsr1h, status,2, status,0, pclath, cstack
 Tracked objects:
		On entry : 
		On exit  : 
		Unchanged: 
 Data sizes:     COMMON   BANK0   BANK1   BANK2   BANK3   BANK4
      Params:         0       0       0       0       0       0
      Locals:         2       0       0       0       0       0
      Temps:          0       0       0       0       0       0
      Totals:         2       0       0       0       0       0
Total ram usage:        2 bytes
 Hardware stack levels required when called:    2
 This function calls:
		_emergency
		_get_usart
		_init
		_init_pwm
		_loading
		_movetire1
		_movetire2
		_rotation
		_shooting
 This function is called by:
		Startup code after reset
 This function uses a non-reentrant model


 *************** function _shooting *****************
 Defined at:
		line 205 in file "C:\pic program\1827_gourobo\main.c"
 Parameters:    Size  Location     Type
		None
 Auto vars:     Size  Location     Type
		None
 Return value:  Size  Location     Type
		None               void
 Registers used:
		None
 Tracked objects:
		On entry : 
		On exit  : 
		Unchanged: 
 Data sizes:     COMMON   BANK0   BANK1   BANK2   BANK3   BANK4
      Params:         0       0       0       0       0       0
      Locals:         0       0       0       0       0       0
      Temps:          0       0       0       0       0       0
      Totals:         0       0       0       0       0       0
Total ram usage:        0 bytes
 Hardware stack levels used:    1
 This function calls:
		Nothing
 This function is called by:
		_main
 This function uses a non-reentrant model


 *************** function _rotation *****************
 Defined at:
		line 115 in file "C:\pic program\1827_gourobo\main.c"
 Parameters:    Size  Location     Type
		None
 Auto vars:     Size  Location     Type
		None
 Return value:  Size  Location     Type
		None               void
 Registers used:
		wreg, status,2, status,0, pclath, cstack
 Tracked objects:
		On entry : 
		On exit  : 
		Unchanged: 
 Data sizes:     COMMON   BANK0   BANK1   BANK2   BANK3   BANK4
      Params:         0       0       0       0       0       0
      Locals:         0       0       0       0       0       0
      Temps:          1       0       0       0       0       0
      Totals:         1       0       0       0       0       0
Total ram usage:        1 bytes
 Hardware stack levels used:    1
 Hardware stack levels required when called:    1
 This function calls:
		_SetPWM3
 This function is called by:
		_main
 This function uses a non-reentrant model


 *************** function _movetire2 *****************
 Defined at:
		line 258 in file "C:\pic program\1827_gourobo\main.c"
 Parameters:    Size  Location     Type
		None
 Auto vars:     Size  Location     Type
		None
 Return value:  Size  Location     Type
		None               void
 Registers used:
		wreg, status,2, status,0, pclath, cstack
 Tracked objects:
		On entry : 
		On exit  : 
		Unchanged: 
 Data sizes:     COMMON   BANK0   BANK1   BANK2   BANK3   BANK4
      Params:         0       0       0       0       0       0
      Locals:         0       0       0       0       0       0
      Temps:          1       0       0       0       0       0
      Totals:         1       0       0       0       0       0
Total ram usage:        1 bytes
 Hardware stack levels used:    1
 Hardware stack levels required when called:    1
 This function calls:
		_SetPWM2
 This function is called by:
		_main
 This function uses a non-reentrant model


 *************** function _movetire1 *****************
 Defined at:
		line 211 in file "C:\pic program\1827_gourobo\main.c"
 Parameters:    Size  Location     Type
		None
 Auto vars:     Size  Location     Type
		None
 Return value:  Size  Location     Type
		None               void
 Registers used:
		wreg, status,2, status,0, pclath, cstack
 Tracked objects:
		On entry : 
		On exit  : 
		Unchanged: 
 Data sizes:     COMMON   BANK0   BANK1   BANK2   BANK3   BANK4
      Params:         0       0       0       0       0       0
      Locals:         0       0       0       0       0       0
      Temps:          1       0       0       0       0       0
      Totals:         1       0       0       0       0       0
Total ram usage:        1 bytes
 Hardware stack levels used:    1
 Hardware stack levels required when called:    1
 This function calls:
		_SetPWM1
 This function is called by:
		_main
 This function uses a non-reentrant model


 *************** function _loading *****************
 Defined at:
		line 160 in file "C:\pic program\1827_gourobo\main.c"
 Parameters:    Size  Location     Type
		None
 Auto vars:     Size  Location     Type
		None
 Return value:  Size  Location     Type
		None               void
 Registers used:
		wreg, status,2, status,0, pclath, cstack
 Tracked objects:
		On entry : 
		On exit  : 
		Unchanged: 
 Data sizes:     COMMON   BANK0   BANK1   BANK2   BANK3   BANK4
      Params:         0       0       0       0       0       0
      Locals:         0       0       0       0       0       0
      Temps:          1       0       0       0       0       0
      Totals:         1       0       0       0       0       0
Total ram usage:        1 bytes
 Hardware stack levels used:    1
 Hardware stack levels required when called:    1
 This function calls:
		_SetPWM4
 This function is called by:
		_main
 This function uses a non-reentrant model


 *************** function _init_pwm *****************
 Defined at:
		line 4 in file "C:\pic program\1827_gourobo\pwm.c"
 Parameters:    Size  Location     Type
		None
 Auto vars:     Size  Location     Type
		None
 Return value:  Size  Location     Type
		None               void
 Registers used:
		wreg, status,2, status,0, pclath, cstack
 Tracked objects:
		On entry : 
		On exit  : 
		Unchanged: 
 Data sizes:     COMMON   BANK0   BANK1   BANK2   BANK3   BANK4
      Params:         0       0       0       0       0       0
      Locals:         0       0       0       0       0       0
      Temps:          0       0       0       0       0       0
      Totals:         0       0       0       0       0       0
Total ram usage:        0 bytes
 Hardware stack levels used:    1
 Hardware stack levels required when called:    1
 This function calls:
		_OpenPWM1
		_OpenPWM2
		_OpenPWM3
		_OpenPWM4
		_SetPWM1
		_SetPWM2
		_SetPWM3
		_SetPWM4
 This function is called by:
		_main
 This function uses a non-reentrant model


 *************** function _OpenPWM4 *****************
 Defined at:
		line 53 in file "C:\pic program\1827_gourobo\pwm.c"
 Parameters:    Size  Location     Type
  period          1    wreg     unsigned char 
 Auto vars:     Size  Location     Type
  period          1    1[COMMON] unsigned char 
 Return value:  Size  Location     Type
		None               void
 Registers used:
		wreg, status,2, status,0
 Tracked objects:
		On entry : 
		On exit  : 
		Unchanged: 
 Data sizes:     COMMON   BANK0   BANK1   BANK2   BANK3   BANK4
      Params:         0       0       0       0       0       0
      Locals:         1       0       0       0       0       0
      Temps:          1       0       0       0       0       0
      Totals:         2       0       0       0       0       0
Total ram usage:        2 bytes
 Hardware stack levels used:    1
 This function calls:
		Nothing
 This function is called by:
		_init_pwm
 This function uses a non-reentrant model


 *************** function _OpenPWM3 *****************
 Defined at:
		line 47 in file "C:\pic program\1827_gourobo\pwm.c"
 Parameters:    Size  Location     Type
  period          1    wreg     unsigned char 
 Auto vars:     Size  Location     Type
  period          1    1[COMMON] unsigned char 
 Return value:  Size  Location     Type
		None               void
 Registers used:
		wreg, status,2, status,0
 Tracked objects:
		On entry : 
		On exit  : 
		Unchanged: 
 Data sizes:     COMMON   BANK0   BANK1   BANK2   BANK3   BANK4
      Params:         0       0       0       0       0       0
      Locals:         1       0       0       0       0       0
      Temps:          1       0       0       0       0       0
      Totals:         2       0       0       0       0       0
Total ram usage:        2 bytes
 Hardware stack levels used:    1
 This function calls:
		Nothing
 This function is called by:
		_init_pwm
 This function uses a non-reentrant model


 *************** function _OpenPWM2 *****************
 Defined at:
		line 41 in file "C:\pic program\1827_gourobo\pwm.c"
 Parameters:    Size  Location     Type
  period          1    wreg     unsigned char 
 Auto vars:     Size  Location     Type
  period          1    1[COMMON] unsigned char 
 Return value:  Size  Location     Type
		None               void
 Registers used:
		wreg, status,2, status,0
 Tracked objects:
		On entry : 
		On exit  : 
		Unchanged: 
 Data sizes:     COMMON   BANK0   BANK1   BANK2   BANK3   BANK4
      Params:         0       0       0       0       0       0
      Locals:         1       0       0       0       0       0
      Temps:          1       0       0       0       0       0
      Totals:         2       0       0       0       0       0
Total ram usage:        2 bytes
 Hardware stack levels used:    1
 This function calls:
		Nothing
 This function is called by:
		_init_pwm
 This function uses a non-reentrant model


 *************** function _OpenPWM1 *****************
 Defined at:
		line 35 in file "C:\pic program\1827_gourobo\pwm.c"
 Parameters:    Size  Location     Type
  period          1    wreg     unsigned char 
 Auto vars:     Size  Location     Type
  period          1    1[COMMON] unsigned char 
 Return value:  Size  Location     Type
		None               void
 Registers used:
		wreg, status,2, status,0
 Tracked objects:
		On entry : 
		On exit  : 
		Unchanged: 
 Data sizes:     COMMON   BANK0   BANK1   BANK2   BANK3   BANK4
      Params:         0       0       0       0       0       0
      Locals:         1       0       0       0       0       0
      Temps:          1       0       0       0       0       0
      Totals:         2       0       0       0       0       0
Total ram usage:        2 bytes
 Hardware stack levels used:    1
 This function calls:
		Nothing
 This function is called by:
		_init_pwm
 This function uses a non-reentrant model


 *************** function _init *****************
 Defined at:
		line 305 in file "C:\pic program\1827_gourobo\main.c"
 Parameters:    Size  Location     Type
		None
 Auto vars:     Size  Location     Type
		None
 Return value:  Size  Location     Type
		None               void
 Registers used:
		wreg, status,2
 Tracked objects:
		On entry : 
		On exit  : 
		Unchanged: 
 Data sizes:     COMMON   BANK0   BANK1   BANK2   BANK3   BANK4
      Params:         0       0       0       0       0       0
      Locals:         0       0       0       0       0       0
      Temps:          0       0       0       0       0       0
      Totals:         0       0       0       0       0       0
Total ram usage:        0 bytes
 Hardware stack levels used:    1
 This function calls:
		Nothing
 This function is called by:
		_main
 This function uses a non-reentrant model


 *************** function _get_usart *****************
 Defined at:
		line 394 in file "C:\pic program\1827_gourobo\main.c"
 Parameters:    Size  Location     Type
		None
 Auto vars:     Size  Location     Type
  i               2    6[COMMON] unsigned int 
 Return value:  Size  Location     Type
                  1    wreg      unsigned char 
 Registers used:
		wreg, fsr1l, fsr1h, status,2, status,0, pclath, cstack
 Tracked objects:
		On entry : 
		On exit  : 
		Unchanged: 
 Data sizes:     COMMON   BANK0   BANK1   BANK2   BANK3   BANK4
      Params:         0       0       0       0       0       0
      Locals:         2       0       0       0       0       0
      Temps:          1       0       0       0       0       0
      Totals:         3       0       0       0       0       0
Total ram usage:        3 bytes
 Hardware stack levels used:    1
 Hardware stack levels required when called:    1
 This function calls:
		_getch
		_inRxData
 This function is called by:
		_main
 This function uses a non-reentrant model


 *************** function _inRxData *****************
 Defined at:
		line 364 in file "C:\pic program\1827_gourobo\main.c"
 Parameters:    Size  Location     Type
  rxData          1    wreg     unsigned char 
 Auto vars:     Size  Location     Type
  rxData          1    0[COMMON] unsigned char 
  cnt2            2    3[COMMON] unsigned int 
  cnt1            2    1[COMMON] unsigned int 
 Return value:  Size  Location     Type
                  1    wreg      unsigned char 
 Registers used:
		wreg, status,2
 Tracked objects:
		On entry : 
		On exit  : 
		Unchanged: 
 Data sizes:     COMMON   BANK0   BANK1   BANK2   BANK3   BANK4
      Params:         0       0       0       0       0       0
      Locals:         5       0       0       0       0       0
      Temps:          0       0       0       0       0       0
      Totals:         5       0       0       0       0       0
Total ram usage:        5 bytes
 Hardware stack levels used:    1
 This function calls:
		Nothing
 This function is called by:
		_get_usart
 This function uses a non-reentrant model


 *************** function _getch *****************
 Defined at:
		line 342 in file "C:\pic program\1827_gourobo\main.c"
 Parameters:    Size  Location     Type
		None
 Auto vars:     Size  Location     Type
  cnt             2    0[COMMON] unsigned int 
 Return value:  Size  Location     Type
                  1    wreg      unsigned char 
 Registers used:
		wreg, status,2
 Tracked objects:
		On entry : 
		On exit  : 
		Unchanged: 
 Data sizes:     COMMON   BANK0   BANK1   BANK2   BANK3   BANK4
      Params:         0       0       0       0       0       0
      Locals:         2       0       0       0       0       0
      Temps:          0       0       0       0       0       0
      Totals:         2       0       0       0       0       0
Total ram usage:        2 bytes
 Hardware stack levels used:    1
 This function calls:
		Nothing
 This function is called by:
		_get_usart
		_getche
 This function uses a non-reentrant model


 *************** function _emergency *****************
 Defined at:
		line 105 in file "C:\pic program\1827_gourobo\main.c"
 Parameters:    Size  Location     Type
		None
 Auto vars:     Size  Location     Type
		None
 Return value:  Size  Location     Type
		None               void
 Registers used:
		wreg, status,2, status,0, pclath, cstack
 Tracked objects:
		On entry : 
		On exit  : 
		Unchanged: 
 Data sizes:     COMMON   BANK0   BANK1   BANK2   BANK3   BANK4
      Params:         0       0       0       0       0       0
      Locals:         0       0       0       0       0       0
      Temps:          0       0       0       0       0       0
      Totals:         0       0       0       0       0       0
Total ram usage:        0 bytes
 Hardware stack levels used:    1
 Hardware stack levels required when called:    1
 This function calls:
		_SetPWM1
		_SetPWM2
		_SetPWM3
		_SetPWM4
 This function is called by:
		_main
 This function uses a non-reentrant model


 *************** function _SetPWM4 *****************
 Defined at:
		line 80 in file "C:\pic program\1827_gourobo\pwm.c"
 Parameters:    Size  Location     Type
  dutycycle       2    0[COMMON] unsigned int 
 Auto vars:     Size  Location     Type
		None
 Return value:  Size  Location     Type
		None               void
 Registers used:
		wreg, status,2, status,0
 Tracked objects:
		On entry : 
		On exit  : 
		Unchanged: 
 Data sizes:     COMMON   BANK0   BANK1   BANK2   BANK3   BANK4
      Params:         2       0       0       0       0       0
      Locals:         0       0       0       0       0       0
      Temps:          2       0       0       0       0       0
      Totals:         4       0       0       0       0       0
Total ram usage:        4 bytes
 Hardware stack levels used:    1
 This function calls:
		Nothing
 This function is called by:
		_init_pwm
		_emergency
		_loading
 This function uses a non-reentrant model


 *************** function _SetPWM3 *****************
 Defined at:
		line 73 in file "C:\pic program\1827_gourobo\pwm.c"
 Parameters:    Size  Location     Type
  dutycycle       2    0[COMMON] unsigned int 
 Auto vars:     Size  Location     Type
		None
 Return value:  Size  Location     Type
		None               void
 Registers used:
		wreg, status,2, status,0
 Tracked objects:
		On entry : 
		On exit  : 
		Unchanged: 
 Data sizes:     COMMON   BANK0   BANK1   BANK2   BANK3   BANK4
      Params:         2       0       0       0       0       0
      Locals:         0       0       0       0       0       0
      Temps:          2       0       0       0       0       0
      Totals:         4       0       0       0       0       0
Total ram usage:        4 bytes
 Hardware stack levels used:    1
 This function calls:
		Nothing
 This function is called by:
		_init_pwm
		_emergency
		_rotation
 This function uses a non-reentrant model


 *************** function _SetPWM2 *****************
 Defined at:
		line 66 in file "C:\pic program\1827_gourobo\pwm.c"
 Parameters:    Size  Location     Type
  dutycycle       2    0[COMMON] unsigned int 
 Auto vars:     Size  Location     Type
		None
 Return value:  Size  Location     Type
		None               void
 Registers used:
		wreg, status,2, status,0
 Tracked objects:
		On entry : 
		On exit  : 
		Unchanged: 
 Data sizes:     COMMON   BANK0   BANK1   BANK2   BANK3   BANK4
      Params:         2       0       0       0       0       0
      Locals:         0       0       0       0       0       0
      Temps:          2       0       0       0       0       0
      Totals:         4       0       0       0       0       0
Total ram usage:        4 bytes
 Hardware stack levels used:    1
 This function calls:
		Nothing
 This function is called by:
		_init_pwm
		_emergency
		_movetire2
 This function uses a non-reentrant model


 *************** function _SetPWM1 *****************
 Defined at:
		line 59 in file "C:\pic program\1827_gourobo\pwm.c"
 Parameters:    Size  Location     Type
  dutycycle       2    0[COMMON] unsigned int 
 Auto vars:     Size  Location     Type
		None
 Return value:  Size  Location     Type
		None               void
 Registers used:
		wreg, status,2, status,0
 Tracked objects:
		On entry : 
		On exit  : 
		Unchanged: 
 Data sizes:     COMMON   BANK0   BANK1   BANK2   BANK3   BANK4
      Params:         2       0       0       0       0       0
      Locals:         0       0       0       0       0       0
      Temps:          2       0       0       0       0       0
      Totals:         4       0       0       0       0       0
Total ram usage:        4 bytes
 Hardware stack levels used:    1
 This function calls:
		Nothing
 This function is called by:
		_init_pwm
		_emergency
		_movetire1
 This function uses a non-reentrant model



MODULE INFORMATION

Module		Function		Class		Link	Load	Size
C:\pic program\1827_gourobo\main.c
		_init          		CODE           	0378	0000	32
		_loading       		CODE           	045D	0000	222
		_inRxData      		CODE           	03C6	0000	47
		_main          		CODE           	03F5	0000	47
		_rotation      		CODE           	053B	0000	222
		_shooting      		CODE           	02DB	0000	11
		_getch         		CODE           	02E6	0000	19
		_emergency     		CODE           	0359	0000	31
		_movetire1     		CODE           	0619	0000	236
		_movetire2     		CODE           	0705	0000	236
		_get_usart     		CODE           	0424	0000	57

C:\pic program\1827_gourobo\main.c estimated size: 1160

shared
		__initializatio		CODE           	07F1	0000	11

shared estimated size: 11

C:\pic program\1827_gourobo\pwm.c
		_SetPWM1       		CODE           	02F9	0000	24
		_SetPWM4       		CODE           	0341	0000	24
		_SetPWM3       		CODE           	0329	0000	24
		_OpenPWM1      		CODE           	02AF	0000	11
		_OpenPWM2      		CODE           	02BA	0000	11
		_OpenPWM3      		CODE           	02C5	0000	11
		_OpenPWM4      		CODE           	02D0	0000	11
		_init_pwm      		CODE           	0398	0000	46
		_SetPWM2       		CODE           	0311	0000	24

C:\pic program\1827_gourobo\pwm.c estimated size: 186

