Microchip MPLAB XC8 Compiler V1.37 ()

Linker command line:

--edf=C:\Program Files (x86)\Microchip\xc8\v1.37\dat\en_msgs.txt -cs \
  -h+moter.sym --cmf=moter.cmf -z -Q16F1827 \
  -oC:\Users\yuya\AppData\Local\Temp\s4rg.2 -Mmoter.map -E1 -ver=XC8 \
  -ASTACK=0201Dh-0216fh -pstack=STACK -ACODE=00h-07FFhx2 \
  -ASTRCODE=00h-0FFFh -ASTRING=00h-0FFhx16 -ACONST=00h-0FFhx16 \
  -AENTRY=00h-0FFhx16 -ACOMMON=070h-07Fh -ABANK0=020h-06Fh \
  -ABANK1=0A0h-0EFh -ABANK2=0120h-016Fh -ABANK3=01A0h-01EFh \
  -ABANK4=0220h-024Fh -ABIGRAM=02000h-0216Fh \
  -ARAM=020h-06Fh,0A0h-0EFh,0120h-016Fh,01A0h-01EFh,0220h-024Fh \
  -AABS1=020h-07Fh,0A0h-0EFh,0120h-016Fh,01A0h-01EFh,0220h-024Fh \
  -ASFR0=00h-01Fh -ASFR1=080h-09Fh -ASFR2=0100h-011Fh -ASFR3=0180h-019Fh \
  -ASFR4=0200h-021Fh -ASFR5=0280h-02EFh -ASFR6=0300h-036Fh \
  -ASFR7=0380h-03EFh -ASFR8=0400h-046Fh -ASFR9=0480h-04EFh \
  -ASFR10=0500h-056Fh -ASFR11=0580h-05EFh -ASFR12=0600h-066Fh \
  -ASFR13=0680h-06EFh -ASFR14=0700h-076Fh -ASFR15=0780h-07EFh \
  -ASFR16=0800h-086Fh -ASFR17=0880h-08EFh -ASFR18=0900h-096Fh \
  -ASFR19=0980h-09EFh -ASFR20=0A00h-0A6Fh -ASFR21=0A80h-0AEFh \
  -ASFR22=0B00h-0B6Fh -ASFR23=0B80h-0BEFh -ASFR24=0C00h-0C6Fh \
  -ASFR25=0C80h-0CEFh -ASFR26=0D00h-0D6Fh -ASFR27=0D80h-0DEFh \
  -ASFR28=0E00h-0E6Fh -ASFR29=0E80h-0EEFh -ASFR30=0F00h-0F6Fh \
  -ASFR31=0F80h-0FEFh -preset_vec=00h,intentry,init,end_init -ppowerup=CODE \
  -pcinit=CODE -pfunctab=CODE -ACONFIG=08007h-08008h -pconfig=CONFIG \
  -DCONFIG=2 -AIDLOC=08000h-08003h -pidloc=IDLOC -DIDLOC=2 \
  -AEEDATA=00h-0FFh/0F000h -peeprom_data=EEDATA -DEEDATA=2 -DCODE=2 \
  -DSTRCODE=2 -DSTRING=2 -DCONST=2 -DENTRY=2 -k startup.obj moter.obj 

Object code version is 3.11

Machine type is 16F1827



                Name                               Link     Load   Length Selector   Space Scale
startup.obj     end_init                              2        2        2        0       0
                reset_vec                             0        0        2        0       0
                config                             8007     8007        2    1000E       0
moter.obj       cinit                               7F2      7F2        E      FE4       0
                text19                              32A      32A       18      654       0
                text18                              342      342       18      684       0
                text17                              35A      35A       18      6B4       0
                text16                              372      372       18      6E4       0
                text15                              38A      38A       1B      714       0
                text14                              317      317       13      62E       0
                text13                              3EF      3EF       2F      7DE       0
                text12                              44D      44D       39      89A       0
                text11                              3A5      3A5       20      74A       0
                text10                              2E0      2E0        B      5C0       0
                text9                               2EB      2EB        B      5D6       0
                text8                               2F6      2F6        B      5EC       0
                text7                               301      301        B      602       0
                text6                               3C5      3C5       2A      78A       0
                text5                               486      486       D4      90C       0
                text4                               62E      62E       E2      C5C       0
                text3                               710      710       E2      E20       0
                text2                               55A      55A       D4      AB4       0
                text1                               30C      30C        B      618       0
                maintext                            41E      41E       2F      83C       0
                cstackCOMMON                         70       70        A       70       1
                clrtext                             2DA      2DA        6      5B4       0
                bssBANK0                             20       20       1D       20       1
                bssCOMMON                            7A       7A        4       70       1

TOTAL           Name                               Link     Load   Length     Space
        CLASS   STACK          

        CLASS   CODE           
                end_init                              2        2        2         0
                cinit                               7F2      7F2        E         0
                reset_vec                             0        0        2         0
                text19                              32A      32A       18         0
                text18                              342      342       18         0
                text17                              35A      35A       18         0
                text16                              372      372       18         0
                text15                              38A      38A       1B         0
                text14                              317      317       13         0
                text13                              3EF      3EF       2F         0
                text12                              44D      44D       39         0
                text11                              3A5      3A5       20         0
                text10                              2E0      2E0        B         0
                text9                               2EB      2EB        B         0
                text8                               2F6      2F6        B         0
                text7                               301      301        B         0
                text6                               3C5      3C5       2A         0
                text5                               486      486       D4         0
                text4                               62E      62E       E2         0
                text3                               710      710       E2         0
                text2                               55A      55A       D4         0
                text1                               30C      30C        B         0
                maintext                            41E      41E       2F         0
                clrtext                             2DA      2DA        6         0

        CLASS   STRCODE        

        CLASS   STRING         

        CLASS   CONST          

        CLASS   ENTRY          

        CLASS   COMMON         
                cstackCOMMON                         70       70        A         1
                bssCOMMON                            7A       7A        4         1

        CLASS   BANK0          
                bssBANK0                             20       20       1D         1

        CLASS   BANK1          

        CLASS   BANK2          

        CLASS   BANK3          

        CLASS   BANK4          

        CLASS   BIGRAM         

        CLASS   RAM            

        CLASS   ABS1           
                abs_s1                               7E       7E        2         1

        CLASS   SFR0           

        CLASS   SFR1           

        CLASS   SFR2           

        CLASS   SFR3           

        CLASS   SFR4           

        CLASS   SFR5           

        CLASS   SFR6           

        CLASS   SFR7           

        CLASS   SFR8           

        CLASS   SFR9           

        CLASS   SFR10          

        CLASS   SFR11          

        CLASS   SFR12          

        CLASS   SFR13          

        CLASS   SFR14          

        CLASS   SFR15          

        CLASS   SFR16          

        CLASS   SFR17          

        CLASS   SFR18          

        CLASS   SFR19          

        CLASS   SFR20          

        CLASS   SFR21          

        CLASS   SFR22          

        CLASS   SFR23          

        CLASS   SFR24          

        CLASS   SFR25          

        CLASS   SFR26          

        CLASS   SFR27          

        CLASS   SFR28          

        CLASS   SFR29          

        CLASS   SFR30          

        CLASS   SFR31          

        CLASS   CONFIG         
                config                             8007     8007        2         0

        CLASS   IDLOC          

        CLASS   EEDATA         

        CLASS   BANK31         

        CLASS   BANK30         

        CLASS   BANK29         

        CLASS   BANK28         

        CLASS   BANK27         

        CLASS   BANK26         

        CLASS   BANK25         

        CLASS   BANK24         

        CLASS   BANK23         

        CLASS   BANK22         

        CLASS   BANK21         

        CLASS   BANK20         

        CLASS   BANK19         

        CLASS   BANK18         

        CLASS   BANK17         

        CLASS   BANK16         

        CLASS   BANK15         

        CLASS   BANK14         

        CLASS   BANK13         

        CLASS   BANK12         

        CLASS   BANK11         

        CLASS   BANK10         

        CLASS   BANK9          

        CLASS   BANK8          

        CLASS   BANK7          

        CLASS   BANK6          

        CLASS   BANK5          



SEGMENTS        Name                           Load    Length   Top    Selector   Space  Class     Delta

                reset_vec                      000000  000004  000004         0       0  CODE        2
                bssBANK0                       000020  00001D  00003D        20       1  BANK0       1
                cstackCOMMON                   000070  00000E  00007E        70       1  COMMON      1
                clrtext                        0002DA  000006  0002E0       5B4       0  CODE        2
                text10                         0002E0  00000B  0002EB       5C0       0  CODE        2
                text9                          0002EB  00000B  0002F6       5D6       0  CODE        2
                text8                          0002F6  00000B  000301       5EC       0  CODE        2
                text7                          000301  00000B  00030C       602       0  CODE        2
                text1                          00030C  00000B  000317       618       0  CODE        2
                text14                         000317  000013  00032A       62E       0  CODE        2
                text19                         00032A  000018  000342       654       0  CODE        2
                text18                         000342  000018  00035A       684       0  CODE        2
                text17                         00035A  000018  000372       6B4       0  CODE        2
                text16                         000372  000018  00038A       6E4       0  CODE        2
                text15                         00038A  00001B  0003A5       714       0  CODE        2
                text11                         0003A5  000020  0003C5       74A       0  CODE        2
                text6                          0003C5  00002A  0003EF       78A       0  CODE        2
                text13                         0003EF  00002F  00041E       7DE       0  CODE        2
                maintext                       00041E  00002F  00044D       83C       0  CODE        2
                text12                         00044D  000039  000486       89A       0  CODE        2
                text5                          000486  0000D4  00055A       90C       0  CODE        2
                text2                          00055A  0000D4  00062E       AB4       0  CODE        2
                text4                          00062E  0000E2  000710       C5C       0  CODE        2
                text3                          000710  0000E2  0007F2       E20       0  CODE        2
                cinit                          0007F2  00000E  000800       FE4       0  CODE        2
                config                         008007  000002  008009     1000E       0  CONFIG      2


UNUSED ADDRESS RANGES

        Name                Unused          Largest block    Delta
        BANK0            0003D-0006F              33           1
        BANK1            000A0-000EF              50           1
        BANK2            00120-0016F              50           1
        BANK3            001A0-001EF              50           1
        BANK4            00220-0024F              30           1
        BIGRAM           02000-0216F             170           1
        CODE             00004-002D9             2D6           2
                         00800-00FFF             800
        CONST            00004-002D9             100           2
                         00800-00FFF             100
        EEDATA           0F000-0F0FF             100           2
        ENTRY            00004-002D9             100           2
                         00800-00FFF             100
        IDLOC            08000-08003               4           2
        RAM              0003D-0006F              33           1
                         000A0-000EF              50
                         00120-0016F              50
                         001A0-001EF              50
                         00220-0024F              30
        SFR0             00000-0001F              20           1
        SFR1             00080-0009F              20           1
        SFR10            00500-0056F              70           1
        SFR11            00580-005EF              70           1
        SFR12            00600-0066F              70           1
        SFR13            00680-006EF              70           1
        SFR14            00700-0076F              70           1
        SFR15            00780-007EF              70           1
        SFR16            00800-0086F              70           1
        SFR17            00880-008EF              70           1
        SFR18            00900-0096F              70           1
        SFR19            00980-009EF              70           1
        SFR2             00100-0011F              20           1
        SFR20            00A00-00A6F              70           1
        SFR21            00A80-00AEF              70           1
        SFR22            00B00-00B6F              70           1
        SFR23            00B80-00BEF              70           1
        SFR24            00C00-00C6F              70           1
        SFR25            00C80-00CEF              70           1
        SFR26            00D00-00D6F              70           1
        SFR27            00D80-00DEF              70           1
        SFR28            00E00-00E6F              70           1
        SFR29            00E80-00EEF              70           1
        SFR3             00180-0019F              20           1
        SFR30            00F00-00F6F              70           1
        SFR31            00F80-00FEF              70           1
        SFR4             00200-0021F              20           1
        SFR5             00280-002EF              70           1
        SFR6             00300-0036F              70           1
        SFR7             00380-003EF              70           1
        SFR8             00400-0046F              70           1
        SFR9             00480-004EF              70           1
        STACK            0201D-0216F             153           1
        STRCODE          00004-002D9             2D6           2
                         00800-00FFF             800
        STRING           00004-002D9             100           2
                         00800-00FFF             100

                                  Symbol Table

OpenPWM1@period          cstackCOMMON 00071
OpenPWM2@period          cstackCOMMON 00071
OpenPWM3@period          cstackCOMMON 00071
OpenPWM4@period          cstackCOMMON 00071
SetPWM1@dutycycle        cstackCOMMON 00070
SetPWM2@dutycycle        cstackCOMMON 00070
SetPWM3@dutycycle        cstackCOMMON 00070
SetPWM4@dutycycle        cstackCOMMON 00070
_ADCON0                  (abs)        0009D
_ADCON1                  (abs)        0009E
_ADGO                    (abs)        004E9
_ADON                    (abs)        004E8
_ADRESH                  (abs)        0009C
_ADRESL                  (abs)        0009B
_ANSELA                  (abs)        0018C
_ANSELB                  (abs)        0018D
_C1ON                    (abs)        0088F
_CCP1CON                 (abs)        00293
_CCP2CON                 (abs)        0029A
_CCP3CON                 (abs)        00313
_CCP4CON                 (abs)        0031A
_CCPR1L                  (abs)        00291
_CCPR2L                  (abs)        00298
_CCPR3L                  (abs)        00311
_CCPR4L                  (abs)        00318
_CREN                    (abs)        00CEC
_GIE                     (abs)        0005F
_INTCON                  (abs)        0000B
_LATA0                   (abs)        00860
_LATA1                   (abs)        00861
_LATA6                   (abs)        00866
_LATA7                   (abs)        00867
_LATB7                   (abs)        0086F
_OERR                    (abs)        00CE9
_OSCCON                  (abs)        00099
_OpenPWM1                text10       002E0
_OpenPWM2                text9        002EB
_OpenPWM3                text8        002F6
_OpenPWM4                text7        00301
_PR2                     (abs)        0001B
_PWML1                   bssBANK0     00026
_PWML2                   bssBANK0     00028
_PWMR1                   bssBANK0     0002A
_PWMR2                   bssBANK0     0002C
_PWMload1                bssBANK0     0002E
_PWMload2                bssBANK0     00030
_PWMpwl1                 bssBANK0     00032
_PWMpwl2                 bssBANK0     00034
_RCIF                    (abs)        0008D
_RCREG                   (abs)        00199
_RCSTA                   (abs)        0019D
_RXDTSEL                 (abs)        008EF
_SPBRG                   (abs)        0019B
_SetPWM1                 text19       0032A
_SetPWM2                 text18       00342
_SetPWM3                 text17       0035A
_SetPWM4                 text16       00372
_T2CON                   (abs)        0001C
_TRISA                   (abs)        0008C
_TRISB                   (abs)        0008D
_TRISB2                  (abs)        0046A
_TRISB5                  (abs)        0046D
_TXCKSEL                 (abs)        008F0
_TXIF                    (abs)        0008C
_TXREG                   (abs)        0019A
_TXSTA                   (abs)        0019E
__CFG_BORV$HI            (abs)        00000
__CFG_FCMEN$OFF          (abs)        00000
__CFG_FOSC$INTOSC        (abs)        00000
__CFG_IESO$OFF           (abs)        00000
__CFG_LVP$OFF            (abs)        00000
__CFG_MCLRE$OFF          (abs)        00000
__CFG_PWRTE$ON           (abs)        00000
__CFG_WDTE$OFF           (abs)        00000
__Habs1                  abs1         00000
__Hbank0                 bank0        00000
__Hbank1                 bank1        00000
__Hbank10                bank10       00000
__Hbank11                bank11       00000
__Hbank12                bank12       00000
__Hbank13                bank13       00000
__Hbank14                bank14       00000
__Hbank15                bank15       00000
__Hbank16                bank16       00000
__Hbank17                bank17       00000
__Hbank18                bank18       00000
__Hbank19                bank19       00000
__Hbank2                 bank2        00000
__Hbank20                bank20       00000
__Hbank21                bank21       00000
__Hbank22                bank22       00000
__Hbank23                bank23       00000
__Hbank24                bank24       00000
__Hbank25                bank25       00000
__Hbank26                bank26       00000
__Hbank27                bank27       00000
__Hbank28                bank28       00000
__Hbank29                bank29       00000
__Hbank3                 bank3        00000
__Hbank30                bank30       00000
__Hbank31                bank31       00000
__Hbank4                 bank4        00000
__Hbank5                 bank5        00000
__Hbank6                 bank6        00000
__Hbank7                 bank7        00000
__Hbank8                 bank8        00000
__Hbank9                 bank9        00000
__Hbigram                bigram       00000
__HbssBANK0              bssBANK0     00000
__HbssCOMMON             bssCOMMON    00000
__Hcinit                 cinit        00800
__Hclrtext               clrtext      00000
__Hcode                  code         00000
__Hcommon                common       00000
__Hconfig                config       08009
__HcstackCOMMON          cstackCOMMON 00000
__Heeprom_data           eeprom_data  00000
__Hend_init              end_init     00004
__Hfunctab               functab      00000
__Hidloc                 idloc        00000
__Hinit                  init         00002
__Hintentry              intentry     00002
__Hmaintext              maintext     00000
__Hpowerup               powerup      00000
__Hram                   ram          00000
__Hreset_vec             reset_vec    00002
__Hsfr0                  sfr0         00000
__Hsfr1                  sfr1         00000
__Hsfr10                 sfr10        00000
__Hsfr11                 sfr11        00000
__Hsfr12                 sfr12        00000
__Hsfr13                 sfr13        00000
__Hsfr14                 sfr14        00000
__Hsfr15                 sfr15        00000
__Hsfr16                 sfr16        00000
__Hsfr17                 sfr17        00000
__Hsfr18                 sfr18        00000
__Hsfr19                 sfr19        00000
__Hsfr2                  sfr2         00000
__Hsfr20                 sfr20        00000
__Hsfr21                 sfr21        00000
__Hsfr22                 sfr22        00000
__Hsfr23                 sfr23        00000
__Hsfr24                 sfr24        00000
__Hsfr25                 sfr25        00000
__Hsfr26                 sfr26        00000
__Hsfr27                 sfr27        00000
__Hsfr28                 sfr28        00000
__Hsfr29                 sfr29        00000
__Hsfr3                  sfr3         00000
__Hsfr30                 sfr30        00000
__Hsfr31                 sfr31        00000
__Hsfr4                  sfr4         00000
__Hsfr5                  sfr5         00000
__Hsfr6                  sfr6         00000
__Hsfr7                  sfr7         00000
__Hsfr8                  sfr8         00000
__Hsfr9                  sfr9         00000
__Hspace_0               (abs)        08009
__Hspace_1               (abs)        0007E
__Hspace_2               (abs)        00000
__Hspace_3               (abs)        00000
__Hstack                 stack        00000
__Hstrings               strings      00000
__Htext                  text         00000
__Labs1                  abs1         00000
__Lbank0                 bank0        00000
__Lbank1                 bank1        00000
__Lbank10                bank10       00000
__Lbank11                bank11       00000
__Lbank12                bank12       00000
__Lbank13                bank13       00000
__Lbank14                bank14       00000
__Lbank15                bank15       00000
__Lbank16                bank16       00000
__Lbank17                bank17       00000
__Lbank18                bank18       00000
__Lbank19                bank19       00000
__Lbank2                 bank2        00000
__Lbank20                bank20       00000
__Lbank21                bank21       00000
__Lbank22                bank22       00000
__Lbank23                bank23       00000
__Lbank24                bank24       00000
__Lbank25                bank25       00000
__Lbank26                bank26       00000
__Lbank27                bank27       00000
__Lbank28                bank28       00000
__Lbank29                bank29       00000
__Lbank3                 bank3        00000
__Lbank30                bank30       00000
__Lbank31                bank31       00000
__Lbank4                 bank4        00000
__Lbank5                 bank5        00000
__Lbank6                 bank6        00000
__Lbank7                 bank7        00000
__Lbank8                 bank8        00000
__Lbank9                 bank9        00000
__Lbigram                bigram       00000
__LbssBANK0              bssBANK0     00000
__LbssCOMMON             bssCOMMON    00000
__Lcinit                 cinit        007F2
__Lclrtext               clrtext      00000
__Lcode                  code         00000
__Lcommon                common       00000
__Lconfig                config       08007
__LcstackCOMMON          cstackCOMMON 00000
__Leeprom_data           eeprom_data  00000
__Lend_init              end_init     00002
__Lfunctab               functab      00000
__Lidloc                 idloc        00000
__Linit                  init         00002
__Lintentry              intentry     00002
__Lmaintext              maintext     00000
__Lpowerup               powerup      00000
__Lram                   ram          00000
__Lreset_vec             reset_vec    00000
__Lsfr0                  sfr0         00000
__Lsfr1                  sfr1         00000
__Lsfr10                 sfr10        00000
__Lsfr11                 sfr11        00000
__Lsfr12                 sfr12        00000
__Lsfr13                 sfr13        00000
__Lsfr14                 sfr14        00000
__Lsfr15                 sfr15        00000
__Lsfr16                 sfr16        00000
__Lsfr17                 sfr17        00000
__Lsfr18                 sfr18        00000
__Lsfr19                 sfr19        00000
__Lsfr2                  sfr2         00000
__Lsfr20                 sfr20        00000
__Lsfr21                 sfr21        00000
__Lsfr22                 sfr22        00000
__Lsfr23                 sfr23        00000
__Lsfr24                 sfr24        00000
__Lsfr25                 sfr25        00000
__Lsfr26                 sfr26        00000
__Lsfr27                 sfr27        00000
__Lsfr28                 sfr28        00000
__Lsfr29                 sfr29        00000
__Lsfr3                  sfr3         00000
__Lsfr30                 sfr30        00000
__Lsfr31                 sfr31        00000
__Lsfr4                  sfr4         00000
__Lsfr5                  sfr5         00000
__Lsfr6                  sfr6         00000
__Lsfr7                  sfr7         00000
__Lsfr8                  sfr8         00000
__Lsfr9                  sfr9         00000
__Lspace_0               (abs)        00000
__Lspace_1               (abs)        00000
__Lspace_2               (abs)        00000
__Lspace_3               (abs)        00000
__Lstack                 stack        00000
__Lstrings               strings      00000
__Ltext                  text         00000
__S0                     (abs)        08009
__S1                     (abs)        0007E
__S2                     (abs)        00000
__S3                     (abs)        00000
___int_sp                stack        00000
___latbits               (abs)        00001
___sp                    stack        00000
__end_of_OpenPWM1        text10       002EB
__end_of_OpenPWM2        text9        002F6
__end_of_OpenPWM3        text8        00301
__end_of_OpenPWM4        text7        0030C
__end_of_SetPWM1         text19       00342
__end_of_SetPWM2         text18       0035A
__end_of_SetPWM3         text17       00372
__end_of_SetPWM4         text16       0038A
__end_of__initialization cinit        007FD
__end_of_emergency       text15       003A5
__end_of_get_usart       text12       00486
__end_of_getch           text14       0032A
__end_of_inRxData        text13       0041E
__end_of_init            text11       003C5
__end_of_init_pwm        text6        003EF
__end_of_loading         text5        0055A
__end_of_main            maintext     0044D
__end_of_movetire1       text4        00710
__end_of_movetire2       text3        007F2
__end_of_rotation        text2        0062E
__end_of_shooting        text1        00317
__initialization         cinit        007F2
__pbssBANK0              bssBANK0     00020
__pbssCOMMON             bssCOMMON    0007A
__pcstackCOMMON          cstackCOMMON 00070
__pmaintext              maintext     0041E
__ptext1                 text1        0030C
__ptext10                text10       002E0
__ptext11                text11       003A5
__ptext12                text12       0044D
__ptext13                text13       003EF
__ptext14                text14       00317
__ptext15                text15       0038A
__ptext16                text16       00372
__ptext17                text17       0035A
__ptext18                text18       00342
__ptext19                text19       0032A
__ptext2                 text2        0055A
__ptext3                 text3        00710
__ptext4                 text4        0062E
__ptext5                 text5        00486
__ptext6                 text6        003C5
__ptext7                 text7        00301
__ptext8                 text8        002F6
__ptext9                 text9        002EB
__size_of_OpenPWM1       (abs)        00000
__size_of_OpenPWM2       (abs)        00000
__size_of_OpenPWM3       (abs)        00000
__size_of_OpenPWM4       (abs)        00000
__size_of_SetPWM1        (abs)        00000
__size_of_SetPWM2        (abs)        00000
__size_of_SetPWM3        (abs)        00000
__size_of_SetPWM4        (abs)        00000
__size_of_emergency      (abs)        00000
__size_of_get_usart      (abs)        00000
__size_of_getch          (abs)        00000
__size_of_inRxData       (abs)        00000
__size_of_init           (abs)        00000
__size_of_init_pwm       (abs)        00000
__size_of_loading        (abs)        00000
__size_of_main           (abs)        00000
__size_of_movetire1      (abs)        00000
__size_of_movetire2      (abs)        00000
__size_of_rotation       (abs)        00000
__size_of_shooting       (abs)        00000
_addata                  bssBANK0     00036
_data                    bssBANK0     00020
_emergency               text15       0038A
_get_usart               text12       0044D
_getch                   text14       00317
_inRxData                text13       003EF
_init                    text11       003A5
_init_pwm                text6        003C5
_loading                 text5        00486
_main                    maintext     0041E
_movetire1               text4        0062E
_movetire2               text3        00710
_pwml                    bssCOMMON    0007A
_pwmload                 bssBANK0     00038
_pwmpwl                  bssBANK0     0003A
_pwmr                    bssCOMMON    0007C
_rotation                text2        0055A
_shooting                text1        0030C
btemp                    (abs)        0007E
clear_ram0               clrtext      002DA
end_of_initialization    cinit        007FD
get_usart@i              cstackCOMMON 00076
getch@cnt                cstackCOMMON 00070
inRxData@cnt1            cstackCOMMON 00071
inRxData@cnt2            cstackCOMMON 00073
inRxData@rxData          cstackCOMMON 00070
intlevel0                functab      00000
intlevel1                functab      00000
intlevel2                functab      00000
intlevel3                functab      00000
intlevel4                functab      00000
intlevel5                functab      00000
ltemp                    (abs)        0007E
ltemp0                   (abs)        0007E
ltemp1                   (abs)        00082
ltemp2                   (abs)        00086
ltemp3                   (abs)        00080
main@cntError            cstackCOMMON 00078
reset_vec                reset_vec    00000
stackhi                  (abs)        0216F
stacklo                  (abs)        0201D
start                    init         00002
start_initialization     cinit        007F2
ttemp                    (abs)        0007E
ttemp0                   (abs)        0007E
ttemp1                   (abs)        00081
ttemp2                   (abs)        00084
ttemp3                   (abs)        00087
ttemp4                   (abs)        0007F
wtemp                    (abs)        0007E
wtemp0                   (abs)        0007E
wtemp1                   (abs)        00080
wtemp2                   (abs)        00082
wtemp3                   (abs)        00084
wtemp4                   (abs)        00086
wtemp5                   (abs)        00088
wtemp6                   (abs)        0007F


FUNCTION INFORMATION:

 *************** function _main *****************
 Defined at:
		line 76 in file "C:\Users\yuya\Desktop\pic\16f1827\moter\main.c"
 Parameters:    Size  Location     Type
		None
 Auto vars:     Size  Location     Type
  cntError        2    8[COMMON] unsigned int 
 Return value:  Size  Location     Type
                  1    wreg      void 
 Registers used:
		wreg, fsr1l, fsr1h, status,2, status,0, pclath, cstack
 Tracked objects:
		On entry : 
		On exit  : 
		Unchanged: 
 Data sizes:     COMMON   BANK0   BANK1   BANK2   BANK3   BANK4
      Params:         0       0       0       0       0       0
      Locals:         2       0       0       0       0       0
      Temps:          0       0       0       0       0       0
      Totals:         2       0       0       0       0       0
Total ram usage:        2 bytes
 Hardware stack levels required when called:    2
 This function calls:
		_emergency
		_get_usart
		_init
		_init_pwm
		_loading
		_movetire1
		_movetire2
		_rotation
		_shooting
 This function is called by:
		Startup code after reset
 This function uses a non-reentrant model


 *************** function _shooting *****************
 Defined at:
		line 208 in file "C:\Users\yuya\Desktop\pic\16f1827\moter\main.c"
 Parameters:    Size  Location     Type
		None
 Auto vars:     Size  Location     Type
		None
 Return value:  Size  Location     Type
                  1    wreg      void 
 Registers used:
		None
 Tracked objects:
		On entry : 
		On exit  : 
		Unchanged: 
 Data sizes:     COMMON   BANK0   BANK1   BANK2   BANK3   BANK4
      Params:         0       0       0       0       0       0
      Locals:         0       0       0       0       0       0
      Temps:          0       0       0       0       0       0
      Totals:         0       0       0       0       0       0
Total ram usage:        0 bytes
 Hardware stack levels used:    1
 This function calls:
		Nothing
 This function is called by:
		_main
 This function uses a non-reentrant model


 *************** function _rotation *****************
 Defined at:
		line 118 in file "C:\Users\yuya\Desktop\pic\16f1827\moter\main.c"
 Parameters:    Size  Location     Type
		None
 Auto vars:     Size  Location     Type
		None
 Return value:  Size  Location     Type
                  1    wreg      void 
 Registers used:
		wreg, status,2, status,0, pclath, cstack
 Tracked objects:
		On entry : 
		On exit  : 
		Unchanged: 
 Data sizes:     COMMON   BANK0   BANK1   BANK2   BANK3   BANK4
      Params:         0       0       0       0       0       0
      Locals:         0       0       0       0       0       0
      Temps:          1       0       0       0       0       0
      Totals:         1       0       0       0       0       0
Total ram usage:        1 bytes
 Hardware stack levels used:    1
 Hardware stack levels required when called:    1
 This function calls:
		_SetPWM3
 This function is called by:
		_main
 This function uses a non-reentrant model


 *************** function _movetire2 *****************
 Defined at:
		line 261 in file "C:\Users\yuya\Desktop\pic\16f1827\moter\main.c"
 Parameters:    Size  Location     Type
		None
 Auto vars:     Size  Location     Type
		None
 Return value:  Size  Location     Type
                  1    wreg      void 
 Registers used:
		wreg, status,2, status,0, pclath, cstack
 Tracked objects:
		On entry : 
		On exit  : 
		Unchanged: 
 Data sizes:     COMMON   BANK0   BANK1   BANK2   BANK3   BANK4
      Params:         0       0       0       0       0       0
      Locals:         0       0       0       0       0       0
      Temps:          1       0       0       0       0       0
      Totals:         1       0       0       0       0       0
Total ram usage:        1 bytes
 Hardware stack levels used:    1
 Hardware stack levels required when called:    1
 This function calls:
		_SetPWM2
 This function is called by:
		_main
 This function uses a non-reentrant model


 *************** function _movetire1 *****************
 Defined at:
		line 214 in file "C:\Users\yuya\Desktop\pic\16f1827\moter\main.c"
 Parameters:    Size  Location     Type
		None
 Auto vars:     Size  Location     Type
		None
 Return value:  Size  Location     Type
                  1    wreg      void 
 Registers used:
		wreg, status,2, status,0, pclath, cstack
 Tracked objects:
		On entry : 
		On exit  : 
		Unchanged: 
 Data sizes:     COMMON   BANK0   BANK1   BANK2   BANK3   BANK4
      Params:         0       0       0       0       0       0
      Locals:         0       0       0       0       0       0
      Temps:          1       0       0       0       0       0
      Totals:         1       0       0       0       0       0
Total ram usage:        1 bytes
 Hardware stack levels used:    1
 Hardware stack levels required when called:    1
 This function calls:
		_SetPWM1
 This function is called by:
		_main
 This function uses a non-reentrant model


 *************** function _loading *****************
 Defined at:
		line 163 in file "C:\Users\yuya\Desktop\pic\16f1827\moter\main.c"
 Parameters:    Size  Location     Type
		None
 Auto vars:     Size  Location     Type
		None
 Return value:  Size  Location     Type
                  1    wreg      void 
 Registers used:
		wreg, status,2, status,0, pclath, cstack
 Tracked objects:
		On entry : 
		On exit  : 
		Unchanged: 
 Data sizes:     COMMON   BANK0   BANK1   BANK2   BANK3   BANK4
      Params:         0       0       0       0       0       0
      Locals:         0       0       0       0       0       0
      Temps:          1       0       0       0       0       0
      Totals:         1       0       0       0       0       0
Total ram usage:        1 bytes
 Hardware stack levels used:    1
 Hardware stack levels required when called:    1
 This function calls:
		_SetPWM4
 This function is called by:
		_main
 This function uses a non-reentrant model


 *************** function _init_pwm *****************
 Defined at:
		line 4 in file "C:\Users\yuya\Desktop\pic\16f1827\moter\pwm.c"
 Parameters:    Size  Location     Type
		None
 Auto vars:     Size  Location     Type
		None
 Return value:  Size  Location     Type
                  1    wreg      void 
 Registers used:
		wreg, status,2, status,0, pclath, cstack
 Tracked objects:
		On entry : 
		On exit  : 
		Unchanged: 
 Data sizes:     COMMON   BANK0   BANK1   BANK2   BANK3   BANK4
      Params:         0       0       0       0       0       0
      Locals:         0       0       0       0       0       0
      Temps:          0       0       0       0       0       0
      Totals:         0       0       0       0       0       0
Total ram usage:        0 bytes
 Hardware stack levels used:    1
 Hardware stack levels required when called:    1
 This function calls:
		_OpenPWM1
		_OpenPWM2
		_OpenPWM3
		_OpenPWM4
		_SetPWM1
		_SetPWM2
		_SetPWM3
		_SetPWM4
 This function is called by:
		_main
 This function uses a non-reentrant model


 *************** function _OpenPWM4 *****************
 Defined at:
		line 53 in file "C:\Users\yuya\Desktop\pic\16f1827\moter\pwm.c"
 Parameters:    Size  Location     Type
  period          1    wreg     unsigned char 
 Auto vars:     Size  Location     Type
  period          1    1[COMMON] unsigned char 
 Return value:  Size  Location     Type
                  1    wreg      void 
 Registers used:
		wreg, status,2, status,0
 Tracked objects:
		On entry : 
		On exit  : 
		Unchanged: 
 Data sizes:     COMMON   BANK0   BANK1   BANK2   BANK3   BANK4
      Params:         0       0       0       0       0       0
      Locals:         1       0       0       0       0       0
      Temps:          1       0       0       0       0       0
      Totals:         2       0       0       0       0       0
Total ram usage:        2 bytes
 Hardware stack levels used:    1
 This function calls:
		Nothing
 This function is called by:
		_init_pwm
 This function uses a non-reentrant model


 *************** function _OpenPWM3 *****************
 Defined at:
		line 47 in file "C:\Users\yuya\Desktop\pic\16f1827\moter\pwm.c"
 Parameters:    Size  Location     Type
  period          1    wreg     unsigned char 
 Auto vars:     Size  Location     Type
  period          1    1[COMMON] unsigned char 
 Return value:  Size  Location     Type
                  1    wreg      void 
 Registers used:
		wreg, status,2, status,0
 Tracked objects:
		On entry : 
		On exit  : 
		Unchanged: 
 Data sizes:     COMMON   BANK0   BANK1   BANK2   BANK3   BANK4
      Params:         0       0       0       0       0       0
      Locals:         1       0       0       0       0       0
      Temps:          1       0       0       0       0       0
      Totals:         2       0       0       0       0       0
Total ram usage:        2 bytes
 Hardware stack levels used:    1
 This function calls:
		Nothing
 This function is called by:
		_init_pwm
 This function uses a non-reentrant model


 *************** function _OpenPWM2 *****************
 Defined at:
		line 41 in file "C:\Users\yuya\Desktop\pic\16f1827\moter\pwm.c"
 Parameters:    Size  Location     Type
  period          1    wreg     unsigned char 
 Auto vars:     Size  Location     Type
  period          1    1[COMMON] unsigned char 
 Return value:  Size  Location     Type
                  1    wreg      void 
 Registers used:
		wreg, status,2, status,0
 Tracked objects:
		On entry : 
		On exit  : 
		Unchanged: 
 Data sizes:     COMMON   BANK0   BANK1   BANK2   BANK3   BANK4
      Params:         0       0       0       0       0       0
      Locals:         1       0       0       0       0       0
      Temps:          1       0       0       0       0       0
      Totals:         2       0       0       0       0       0
Total ram usage:        2 bytes
 Hardware stack levels used:    1
 This function calls:
		Nothing
 This function is called by:
		_init_pwm
 This function uses a non-reentrant model


 *************** function _OpenPWM1 *****************
 Defined at:
		line 35 in file "C:\Users\yuya\Desktop\pic\16f1827\moter\pwm.c"
 Parameters:    Size  Location     Type
  period          1    wreg     unsigned char 
 Auto vars:     Size  Location     Type
  period          1    1[COMMON] unsigned char 
 Return value:  Size  Location     Type
                  1    wreg      void 
 Registers used:
		wreg, status,2, status,0
 Tracked objects:
		On entry : 
		On exit  : 
		Unchanged: 
 Data sizes:     COMMON   BANK0   BANK1   BANK2   BANK3   BANK4
      Params:         0       0       0       0       0       0
      Locals:         1       0       0       0       0       0
      Temps:          1       0       0       0       0       0
      Totals:         2       0       0       0       0       0
Total ram usage:        2 bytes
 Hardware stack levels used:    1
 This function calls:
		Nothing
 This function is called by:
		_init_pwm
 This function uses a non-reentrant model


 *************** function _init *****************
 Defined at:
		line 308 in file "C:\Users\yuya\Desktop\pic\16f1827\moter\main.c"
 Parameters:    Size  Location     Type
		None
 Auto vars:     Size  Location     Type
		None
 Return value:  Size  Location     Type
                  1    wreg      void 
 Registers used:
		wreg, status,2
 Tracked objects:
		On entry : 
		On exit  : 
		Unchanged: 
 Data sizes:     COMMON   BANK0   BANK1   BANK2   BANK3   BANK4
      Params:         0       0       0       0       0       0
      Locals:         0       0       0       0       0       0
      Temps:          0       0       0       0       0       0
      Totals:         0       0       0       0       0       0
Total ram usage:        0 bytes
 Hardware stack levels used:    1
 This function calls:
		Nothing
 This function is called by:
		_main
 This function uses a non-reentrant model


 *************** function _get_usart *****************
 Defined at:
		line 397 in file "C:\Users\yuya\Desktop\pic\16f1827\moter\main.c"
 Parameters:    Size  Location     Type
		None
 Auto vars:     Size  Location     Type
  i               2    6[COMMON] unsigned int 
 Return value:  Size  Location     Type
                  1    wreg      unsigned char 
 Registers used:
		wreg, fsr1l, fsr1h, status,2, status,0, pclath, cstack
 Tracked objects:
		On entry : 
		On exit  : 
		Unchanged: 
 Data sizes:     COMMON   BANK0   BANK1   BANK2   BANK3   BANK4
      Params:         0       0       0       0       0       0
      Locals:         2       0       0       0       0       0
      Temps:          1       0       0       0       0       0
      Totals:         3       0       0       0       0       0
Total ram usage:        3 bytes
 Hardware stack levels used:    1
 Hardware stack levels required when called:    1
 This function calls:
		_getch
		_inRxData
 This function is called by:
		_main
 This function uses a non-reentrant model


 *************** function _inRxData *****************
 Defined at:
		line 367 in file "C:\Users\yuya\Desktop\pic\16f1827\moter\main.c"
 Parameters:    Size  Location     Type
  rxData          1    wreg     unsigned char 
 Auto vars:     Size  Location     Type
  rxData          1    0[COMMON] unsigned char 
  cnt2            2    3[COMMON] unsigned int 
  cnt1            2    1[COMMON] unsigned int 
 Return value:  Size  Location     Type
                  1    wreg      unsigned char 
 Registers used:
		wreg, status,2
 Tracked objects:
		On entry : 
		On exit  : 
		Unchanged: 
 Data sizes:     COMMON   BANK0   BANK1   BANK2   BANK3   BANK4
      Params:         0       0       0       0       0       0
      Locals:         5       0       0       0       0       0
      Temps:          0       0       0       0       0       0
      Totals:         5       0       0       0       0       0
Total ram usage:        5 bytes
 Hardware stack levels used:    1
 This function calls:
		Nothing
 This function is called by:
		_get_usart
 This function uses a non-reentrant model


 *************** function _getch *****************
 Defined at:
		line 345 in file "C:\Users\yuya\Desktop\pic\16f1827\moter\main.c"
 Parameters:    Size  Location     Type
		None
 Auto vars:     Size  Location     Type
  cnt             2    0[COMMON] unsigned int 
 Return value:  Size  Location     Type
                  1    wreg      unsigned char 
 Registers used:
		wreg, status,2
 Tracked objects:
		On entry : 
		On exit  : 
		Unchanged: 
 Data sizes:     COMMON   BANK0   BANK1   BANK2   BANK3   BANK4
      Params:         0       0       0       0       0       0
      Locals:         2       0       0       0       0       0
      Temps:          0       0       0       0       0       0
      Totals:         2       0       0       0       0       0
Total ram usage:        2 bytes
 Hardware stack levels used:    1
 This function calls:
		Nothing
 This function is called by:
		_get_usart
		_getche
 This function uses a non-reentrant model


 *************** function _emergency *****************
 Defined at:
		line 108 in file "C:\Users\yuya\Desktop\pic\16f1827\moter\main.c"
 Parameters:    Size  Location     Type
		None
 Auto vars:     Size  Location     Type
		None
 Return value:  Size  Location     Type
                  1    wreg      void 
 Registers used:
		wreg, status,2, status,0, pclath, cstack
 Tracked objects:
		On entry : 
		On exit  : 
		Unchanged: 
 Data sizes:     COMMON   BANK0   BANK1   BANK2   BANK3   BANK4
      Params:         0       0       0       0       0       0
      Locals:         0       0       0       0       0       0
      Temps:          0       0       0       0       0       0
      Totals:         0       0       0       0       0       0
Total ram usage:        0 bytes
 Hardware stack levels used:    1
 Hardware stack levels required when called:    1
 This function calls:
		_SetPWM1
		_SetPWM2
		_SetPWM3
		_SetPWM4
 This function is called by:
		_main
 This function uses a non-reentrant model


 *************** function _SetPWM4 *****************
 Defined at:
		line 80 in file "C:\Users\yuya\Desktop\pic\16f1827\moter\pwm.c"
 Parameters:    Size  Location     Type
  dutycycle       2    0[COMMON] unsigned int 
 Auto vars:     Size  Location     Type
		None
 Return value:  Size  Location     Type
                  1    wreg      void 
 Registers used:
		wreg, status,2, status,0
 Tracked objects:
		On entry : 
		On exit  : 
		Unchanged: 
 Data sizes:     COMMON   BANK0   BANK1   BANK2   BANK3   BANK4
      Params:         2       0       0       0       0       0
      Locals:         0       0       0       0       0       0
      Temps:          2       0       0       0       0       0
      Totals:         4       0       0       0       0       0
Total ram usage:        4 bytes
 Hardware stack levels used:    1
 This function calls:
		Nothing
 This function is called by:
		_emergency
		_loading
		_init_pwm
 This function uses a non-reentrant model


 *************** function _SetPWM3 *****************
 Defined at:
		line 73 in file "C:\Users\yuya\Desktop\pic\16f1827\moter\pwm.c"
 Parameters:    Size  Location     Type
  dutycycle       2    0[COMMON] unsigned int 
 Auto vars:     Size  Location     Type
		None
 Return value:  Size  Location     Type
                  1    wreg      void 
 Registers used:
		wreg, status,2, status,0
 Tracked objects:
		On entry : 
		On exit  : 
		Unchanged: 
 Data sizes:     COMMON   BANK0   BANK1   BANK2   BANK3   BANK4
      Params:         2       0       0       0       0       0
      Locals:         0       0       0       0       0       0
      Temps:          2       0       0       0       0       0
      Totals:         4       0       0       0       0       0
Total ram usage:        4 bytes
 Hardware stack levels used:    1
 This function calls:
		Nothing
 This function is called by:
		_emergency
		_rotation
		_init_pwm
 This function uses a non-reentrant model


 *************** function _SetPWM2 *****************
 Defined at:
		line 66 in file "C:\Users\yuya\Desktop\pic\16f1827\moter\pwm.c"
 Parameters:    Size  Location     Type
  dutycycle       2    0[COMMON] unsigned int 
 Auto vars:     Size  Location     Type
		None
 Return value:  Size  Location     Type
                  1    wreg      void 
 Registers used:
		wreg, status,2, status,0
 Tracked objects:
		On entry : 
		On exit  : 
		Unchanged: 
 Data sizes:     COMMON   BANK0   BANK1   BANK2   BANK3   BANK4
      Params:         2       0       0       0       0       0
      Locals:         0       0       0       0       0       0
      Temps:          2       0       0       0       0       0
      Totals:         4       0       0       0       0       0
Total ram usage:        4 bytes
 Hardware stack levels used:    1
 This function calls:
		Nothing
 This function is called by:
		_emergency
		_movetire2
		_init_pwm
 This function uses a non-reentrant model


 *************** function _SetPWM1 *****************
 Defined at:
		line 59 in file "C:\Users\yuya\Desktop\pic\16f1827\moter\pwm.c"
 Parameters:    Size  Location     Type
  dutycycle       2    0[COMMON] unsigned int 
 Auto vars:     Size  Location     Type
		None
 Return value:  Size  Location     Type
                  1    wreg      void 
 Registers used:
		wreg, status,2, status,0
 Tracked objects:
		On entry : 
		On exit  : 
		Unchanged: 
 Data sizes:     COMMON   BANK0   BANK1   BANK2   BANK3   BANK4
      Params:         2       0       0       0       0       0
      Locals:         0       0       0       0       0       0
      Temps:          2       0       0       0       0       0
      Totals:         4       0       0       0       0       0
Total ram usage:        4 bytes
 Hardware stack levels used:    1
 This function calls:
		Nothing
 This function is called by:
		_emergency
		_movetire1
		_init_pwm
 This function uses a non-reentrant model



MODULE INFORMATION

Module		Function		Class		Link	Load	Size
C:\Users\yuya\Desktop\pic\16f1827\moter\pwm.c
		_SetPWM1       		CODE           	032A	0000	25
		_SetPWM4       		CODE           	0372	0000	25
		_SetPWM3       		CODE           	035A	0000	25
		_OpenPWM1      		CODE           	02E0	0000	12
		_OpenPWM2      		CODE           	02EB	0000	12
		_OpenPWM3      		CODE           	02F6	0000	12
		_OpenPWM4      		CODE           	0301	0000	12
		_init_pwm      		CODE           	03C5	0000	43
		_SetPWM2       		CODE           	0342	0000	25

C:\Users\yuya\Desktop\pic\16f1827\moter\pwm.c estimated size: 191

C:\Users\yuya\Desktop\pic\16f1827\moter\main.c
		_init          		CODE           	03A5	0000	33
		_loading       		CODE           	0486	0000	213
		_inRxData      		CODE           	03EF	0000	48
		_main          		CODE           	041E	0000	48
		_rotation      		CODE           	055A	0000	213
		_shooting      		CODE           	030C	0000	12
		_getch         		CODE           	0317	0000	20
		_emergency     		CODE           	038A	0000	28
		_movetire1     		CODE           	062E	0000	227
		_movetire2     		CODE           	0710	0000	227
		_get_usart     		CODE           	044D	0000	58

C:\Users\yuya\Desktop\pic\16f1827\moter\main.c estimated size: 1127

shared
		__initialization		CODE           	07F2	0000	12

shared estimated size: 12

