HI-TECH Software XC8 Compiler V1.00 ()

Linker command line:

--edf=C:\Program Files (x86)\Microchip\xc8\v1.00\dat\en_msgs.txt -cs \
  -h+1827_minicon.sym -z -Q16F1827 -ol.obj -M1827_minicon.map -E1 -ver=XC8 \
  -ACONST=00h-0FFhx16 -ACODE=00h-07FFhx2 -ASTRCODE=00h-0FFFh \
  -AENTRY=00h-0FFhx16 -ASTRING=00h-0FFhx16 -ACOMMON=070h-07Fh \
  -ABANK0=020h-06Fh -ABANK1=0A0h-0EFh -ABANK2=0120h-016Fh \
  -ABANK3=01A0h-01EFh -ABANK4=0220h-024Fh -ABIGRAM=02000h-0216Fh \
  -ARAM=020h-06Fh,0A0h-0EFh,0120h-016Fh,01A0h-01EFh,0220h-024Fh \
  -AABS1=020h-07Fh,0A0h-0EFh,0120h-016Fh,01A0h-01EFh,0220h-024Fh \
  -ASFR0=00h-01Fh -ASFR1=080h-09Fh -ASFR2=0100h-011Fh -ASFR3=0180h-019Fh \
  -ASFR4=0200h-021Fh -ASFR5=0280h-02EFh -ASFR6=0300h-036Fh \
  -ASFR7=0380h-03EFh -ASFR8=0400h-046Fh -ASFR9=0480h-04EFh \
  -ASFR10=0500h-056Fh -ASFR11=0580h-05EFh -ASFR12=0600h-066Fh \
  -ASFR13=0680h-06EFh -ASFR14=0700h-076Fh -ASFR15=0780h-07EFh \
  -ASFR16=0800h-086Fh -ASFR17=0880h-08EFh -ASFR18=0900h-096Fh \
  -ASFR19=0980h-09EFh -ASFR20=0A00h-0A6Fh -ASFR21=0A80h-0AEFh \
  -ASFR22=0B00h-0B6Fh -ASFR23=0B80h-0BEFh -ASFR24=0C00h-0C6Fh \
  -ASFR25=0C80h-0CEFh -ASFR26=0D00h-0D6Fh -ASFR27=0D80h-0DEFh \
  -ASFR28=0E00h-0E6Fh -ASFR29=0E80h-0EEFh -ASFR30=0F00h-0F6Fh \
  -ASFR31=0F80h-0FEFh -preset_vec=00h,intentry,init,end_init -ppowerup=CODE \
  -pfunctab=CODE -ACONFIG=08007h-08008h -pconfig=CONFIG -DCONFIG=2 \
  -AIDLOC=08000h-08003h -pidloc=IDLOC -DIDLOC=2 -AEEDATA=00h-0FFh/0F000h \
  -peeprom_data=EEDATA -DEEDATA=2 -DCODE=2 -DSTRCODE=2 -DSTRING=2 -DCONST=2 \
  -DENTRY=2 -k startup.obj 1827_minicon.obj 

Object code version is 3.10

Machine type is 16F1827



                Name                               Link     Load   Length Selector   Space Scale
startup.obj     end_init                              2        2        3        0       0
                reset_vec                             0        0        2        0       0
1827_minicon.obj
                config                             8007     8007        2    1000E       0
                text259                             4AD      4AD        B      95A       0
                text258                             559      559       43      AB2       0
                text257                             4B8      4B8        B      970       0
                text256                             51D      51D       1C      A3A       0
                text255                             539      539       20      A72       0
                text254                             4D2      4D2       19      9A4       0
                text253                             59C      59C       48      B38       0
                text252                             4EB      4EB       19      9D6       0
                text251                             504      504       19      A08       0
                maintext                            5E4      5E4      21C      BC8       0
                cstackCOMMON                         70       70        A       70       1
                clrtext                             4A7      4A7        6      94E       0
                bssBANK0                             20       20        F       20       1
                bssCOMMON                            7A       7A        4       70       1
                cinit                               4C3      4C3        F      986       0

TOTAL           Name                               Link     Load   Length     Space
        CLASS   CONST          

        CLASS   CODE           
                end_init                              2        2        3         0
                reset_vec                             0        0        2         0
                text259                             4AD      4AD        B         0
                text258                             559      559       43         0
                text257                             4B8      4B8        B         0
                text256                             51D      51D       1C         0
                text255                             539      539       20         0
                text254                             4D2      4D2       19         0
                text253                             59C      59C       48         0
                text252                             4EB      4EB       19         0
                text251                             504      504       19         0
                maintext                            5E4      5E4      21C         0
                clrtext                             4A7      4A7        6         0
                cinit                               4C3      4C3        F         0

        CLASS   STRCODE        

        CLASS   ENTRY          

        CLASS   STRING         

        CLASS   COMMON         
                cstackCOMMON                         70       70        A         1
                bssCOMMON                            7A       7A        4         1

        CLASS   BANK0          
                bssBANK0                             20       20        F         1

        CLASS   BANK1          

        CLASS   BANK2          

        CLASS   BANK3          

        CLASS   BANK4          

        CLASS   BIGRAM         

        CLASS   RAM            

        CLASS   ABS1           
                abs_s1                               7E       7E        2         1

        CLASS   SFR0           

        CLASS   SFR1           

        CLASS   SFR2           

        CLASS   SFR3           

        CLASS   SFR4           

        CLASS   SFR5           

        CLASS   SFR6           

        CLASS   SFR7           

        CLASS   SFR8           

        CLASS   SFR9           

        CLASS   SFR10          

        CLASS   SFR11          

        CLASS   SFR12          

        CLASS   SFR13          

        CLASS   SFR14          

        CLASS   SFR15          

        CLASS   SFR16          

        CLASS   SFR17          

        CLASS   SFR18          

        CLASS   SFR19          

        CLASS   SFR20          

        CLASS   SFR21          

        CLASS   SFR22          

        CLASS   SFR23          

        CLASS   SFR24          

        CLASS   SFR25          

        CLASS   SFR26          

        CLASS   SFR27          

        CLASS   SFR28          

        CLASS   SFR29          

        CLASS   SFR30          

        CLASS   SFR31          

        CLASS   CONFIG         
                config                             8007     8007        2         0

        CLASS   IDLOC          

        CLASS   EEDATA         

        CLASS   BANK31         

        CLASS   BANK30         

        CLASS   BANK29         

        CLASS   BANK28         

        CLASS   BANK27         

        CLASS   BANK26         

        CLASS   BANK25         

        CLASS   BANK24         

        CLASS   BANK23         

        CLASS   BANK22         

        CLASS   BANK21         

        CLASS   BANK20         

        CLASS   BANK19         

        CLASS   BANK18         

        CLASS   BANK17         

        CLASS   BANK16         

        CLASS   BANK15         

        CLASS   BANK14         

        CLASS   BANK13         

        CLASS   BANK12         

        CLASS   BANK11         

        CLASS   BANK10         

        CLASS   BANK9          

        CLASS   BANK8          

        CLASS   BANK7          

        CLASS   BANK6          

        CLASS   BANK5          



SEGMENTS        Name                           Load    Length   Top    Selector   Space  Class     Delta

                reset_vec                      000000  000005  000005         0       0  CODE        2
                bssBANK0                       000020  00000F  00002F        20       1  BANK0       1
                cstackCOMMON                   000070  00000E  00007E        70       1  COMMON      1
                clrtext                        0004A7  000006  0004AD       94E       0  CODE        2
                text259                        0004AD  00000B  0004B8       95A       0  CODE        2
                text257                        0004B8  00000B  0004C3       970       0  CODE        2
                cinit                          0004C3  00000F  0004D2       986       0  CODE        2
                text254                        0004D2  000019  0004EB       9A4       0  CODE        2
                text252                        0004EB  000019  000504       9D6       0  CODE        2
                text251                        000504  000019  00051D       A08       0  CODE        2
                text256                        00051D  00001C  000539       A3A       0  CODE        2
                text255                        000539  000020  000559       A72       0  CODE        2
                text258                        000559  000043  00059C       AB2       0  CODE        2
                text253                        00059C  000048  0005E4       B38       0  CODE        2
                maintext                       0005E4  00021C  000800       BC8       0  CODE        2
                config                         008007  000002  008009     1000E       0  CONFIG      2


UNUSED ADDRESS RANGES

        Name                Unused          Largest block    Delta
        BANK0            0002F-0006F              41           1
        BANK1            000A0-000EF              50           1
        BANK2            00120-0016F              50           1
        BANK3            001A0-001EF              50           1
        BANK4            00220-0024F              30           1
        BIGRAM           02000-0216F             170           1
        CODE             00005-004A6             4A2           2
                         00800-00FFF             800
        CONST            00005-004A6             100           2
                         00800-00FFF             100
        EEDATA           0F000-0F0FF             100           2
        ENTRY            00005-004A6             100           2
                         00800-00FFF             100
        IDLOC            08000-08003               4           2
        RAM              0002F-0006F              41           1
                         000A0-000EF              50
                         00120-0016F              50
                         001A0-001EF              50
                         00220-0024F              30
        SFR0             00000-0001F              20           1
        SFR1             00080-0009F              20           1
        SFR10            00500-0056F              70           1
        SFR11            00580-005EF              70           1
        SFR12            00600-0066F              70           1
        SFR13            00680-006EF              70           1
        SFR14            00700-0076F              70           1
        SFR15            00780-007EF              70           1
        SFR16            00800-0086F              70           1
        SFR17            00880-008EF              70           1
        SFR18            00900-0096F              70           1
        SFR19            00980-009EF              70           1
        SFR2             00100-0011F              20           1
        SFR20            00A00-00A6F              70           1
        SFR21            00A80-00AEF              70           1
        SFR22            00B00-00B6F              70           1
        SFR23            00B80-00BEF              70           1
        SFR24            00C00-00C6F              70           1
        SFR25            00C80-00CEF              70           1
        SFR26            00D00-00D6F              70           1
        SFR27            00D80-00DEF              70           1
        SFR28            00E00-00E6F              70           1
        SFR29            00E80-00EEF              70           1
        SFR3             00180-0019F              20           1
        SFR30            00F00-00F6F              70           1
        SFR31            00F80-00FEF              70           1
        SFR4             00200-0021F              20           1
        SFR5             00280-002EF              70           1
        SFR6             00300-0036F              70           1
        SFR7             00380-003EF              70           1
        SFR8             00400-0046F              70           1
        SFR9             00480-004EF              70           1
        STRCODE          00005-004A6             4A2           2
                         00800-00FFF             800
        STRING           00005-004A6             100           2
                         00800-00FFF             100

                                  Symbol Table

??_OpenPWM1           cstackCOMMON 00070
??_OpenPWM2           cstackCOMMON 00070
??_SetPWM1            cstackCOMMON 00072
??_SetPWM2            cstackCOMMON 00072
??_get_usart          cstackCOMMON 00075
??_getch              cstackCOMMON 00070
??_inRxData           cstackCOMMON 00070
??_init               cstackCOMMON 00070
??_init_pwm           cstackCOMMON 00074
??_main               cstackCOMMON 00078
?_OpenPWM1            cstackCOMMON 00070
?_OpenPWM2            cstackCOMMON 00070
?_SetPWM1             cstackCOMMON 00070
?_SetPWM2             cstackCOMMON 00070
?_get_usart           cstackCOMMON 00070
?_getch               cstackCOMMON 00070
?_inRxData            cstackCOMMON 00070
?_init                cstackCOMMON 00070
?_init_pwm            cstackCOMMON 00070
?_main                cstackCOMMON 00070
OpenPWM1@period       cstackCOMMON 00071
OpenPWM2@period       cstackCOMMON 00071
SetPWM1@dutycycle     cstackCOMMON 00070
SetPWM2@dutycycle     cstackCOMMON 00070
_ADCON0               (abs)        0009D
_ADCON1               (abs)        0009E
_ADGO                 (abs)        004E9
_ADON                 (abs)        004E8
_ADRESH               (abs)        0009C
_ADRESL               (abs)        0009B
_ANSELA               (abs)        0018C
_ANSELB               (abs)        0018D
_C1ON                 (abs)        0088F
_CCP3CON              (abs)        00313
_CCP4CON              (abs)        0031A
_CCPR3L               (abs)        00311
_CCPR4L               (abs)        00318
_CREN                 (abs)        00CEC
_GIE                  (abs)        0005F
_INTCON               (abs)        0000B
_LATB2                (abs)        0086A
_LATB3                (abs)        0086B
_LATB6                (abs)        0086E
_OERR                 (abs)        00CE9
_OSCCON               (abs)        00099
_OpenPWM1             text257      004B8
_OpenPWM2             text259      004AD
_PR2                  (abs)        0001B
_RCIF                 (abs)        0008D
_RCREG                (abs)        00199
_RCSTA                (abs)        0019D
_RXDTSEL              (abs)        008EF
_SPBRG                (abs)        0019B
_SetPWM1              text252      004EB
_SetPWM2              text254      004D2
_T2CON                (abs)        0001C
_TRISA                (abs)        0008C
_TRISB                (abs)        0008D
_TRISB1               (abs)        00469
_TRISB2               (abs)        0046A
_TXCKSEL              (abs)        008F0
_TXIF                 (abs)        0008C
_TXREG                (abs)        0019A
_TXSTA                (abs)        0019E
__Habs1               abs1         00000
__Hbank0              bank0        00000
__Hbank1              bank1        00000
__Hbank10             bank10       00000
__Hbank11             bank11       00000
__Hbank12             bank12       00000
__Hbank13             bank13       00000
__Hbank14             bank14       00000
__Hbank15             bank15       00000
__Hbank16             bank16       00000
__Hbank17             bank17       00000
__Hbank18             bank18       00000
__Hbank19             bank19       00000
__Hbank2              bank2        00000
__Hbank20             bank20       00000
__Hbank21             bank21       00000
__Hbank22             bank22       00000
__Hbank23             bank23       00000
__Hbank24             bank24       00000
__Hbank25             bank25       00000
__Hbank26             bank26       00000
__Hbank27             bank27       00000
__Hbank28             bank28       00000
__Hbank29             bank29       00000
__Hbank3              bank3        00000
__Hbank30             bank30       00000
__Hbank31             bank31       00000
__Hbank4              bank4        00000
__Hbank5              bank5        00000
__Hbank6              bank6        00000
__Hbank7              bank7        00000
__Hbank8              bank8        00000
__Hbank9              bank9        00000
__Hbigram             bigram       00000
__HbssBANK0           bssBANK0     00000
__HbssCOMMON          bssCOMMON    00000
__Hcinit              cinit        00000
__Hclrtext            clrtext      00000
__Hcode               code         00000
__Hcommon             common       00000
__Hconfig             config       08009
__HcstackCOMMON       cstackCOMMON 00000
__Heeprom_data        eeprom_data  00000
__Hend_init           end_init     00005
__Hfunctab            functab      00000
__Hidloc              idloc        00000
__Hinit               init         00002
__Hintentry           intentry     00002
__Hmaintext           maintext     00000
__Hpowerup            powerup      00000
__Hram                ram          00000
__Hreset_vec          reset_vec    00002
__Hsfr0               sfr0         00000
__Hsfr1               sfr1         00000
__Hsfr10              sfr10        00000
__Hsfr11              sfr11        00000
__Hsfr12              sfr12        00000
__Hsfr13              sfr13        00000
__Hsfr14              sfr14        00000
__Hsfr15              sfr15        00000
__Hsfr16              sfr16        00000
__Hsfr17              sfr17        00000
__Hsfr18              sfr18        00000
__Hsfr19              sfr19        00000
__Hsfr2               sfr2         00000
__Hsfr20              sfr20        00000
__Hsfr21              sfr21        00000
__Hsfr22              sfr22        00000
__Hsfr23              sfr23        00000
__Hsfr24              sfr24        00000
__Hsfr25              sfr25        00000
__Hsfr26              sfr26        00000
__Hsfr27              sfr27        00000
__Hsfr28              sfr28        00000
__Hsfr29              sfr29        00000
__Hsfr3               sfr3         00000
__Hsfr30              sfr30        00000
__Hsfr31              sfr31        00000
__Hsfr4               sfr4         00000
__Hsfr5               sfr5         00000
__Hsfr6               sfr6         00000
__Hsfr7               sfr7         00000
__Hsfr8               sfr8         00000
__Hsfr9               sfr9         00000
__Hstrings            strings      00000
__Htext               text         00000
__Labs1               abs1         00000
__Lbank0              bank0        00000
__Lbank1              bank1        00000
__Lbank10             bank10       00000
__Lbank11             bank11       00000
__Lbank12             bank12       00000
__Lbank13             bank13       00000
__Lbank14             bank14       00000
__Lbank15             bank15       00000
__Lbank16             bank16       00000
__Lbank17             bank17       00000
__Lbank18             bank18       00000
__Lbank19             bank19       00000
__Lbank2              bank2        00000
__Lbank20             bank20       00000
__Lbank21             bank21       00000
__Lbank22             bank22       00000
__Lbank23             bank23       00000
__Lbank24             bank24       00000
__Lbank25             bank25       00000
__Lbank26             bank26       00000
__Lbank27             bank27       00000
__Lbank28             bank28       00000
__Lbank29             bank29       00000
__Lbank3              bank3        00000
__Lbank30             bank30       00000
__Lbank31             bank31       00000
__Lbank4              bank4        00000
__Lbank5              bank5        00000
__Lbank6              bank6        00000
__Lbank7              bank7        00000
__Lbank8              bank8        00000
__Lbank9              bank9        00000
__Lbigram             bigram       00000
__LbssBANK0           bssBANK0     00000
__LbssCOMMON          bssCOMMON    00000
__Lcinit              cinit        00000
__Lclrtext            clrtext      00000
__Lcode               code         00000
__Lcommon             common       00000
__Lconfig             config       08007
__LcstackCOMMON       cstackCOMMON 00000
__Leeprom_data        eeprom_data  00000
__Lend_init           end_init     00002
__Lfunctab            functab      00000
__Lidloc              idloc        00000
__Linit               init         00002
__Lintentry           intentry     00002
__Lmaintext           maintext     00000
__Lpowerup            powerup      00000
__Lram                ram          00000
__Lreset_vec          reset_vec    00000
__Lsfr0               sfr0         00000
__Lsfr1               sfr1         00000
__Lsfr10              sfr10        00000
__Lsfr11              sfr11        00000
__Lsfr12              sfr12        00000
__Lsfr13              sfr13        00000
__Lsfr14              sfr14        00000
__Lsfr15              sfr15        00000
__Lsfr16              sfr16        00000
__Lsfr17              sfr17        00000
__Lsfr18              sfr18        00000
__Lsfr19              sfr19        00000
__Lsfr2               sfr2         00000
__Lsfr20              sfr20        00000
__Lsfr21              sfr21        00000
__Lsfr22              sfr22        00000
__Lsfr23              sfr23        00000
__Lsfr24              sfr24        00000
__Lsfr25              sfr25        00000
__Lsfr26              sfr26        00000
__Lsfr27              sfr27        00000
__Lsfr28              sfr28        00000
__Lsfr29              sfr29        00000
__Lsfr3               sfr3         00000
__Lsfr30              sfr30        00000
__Lsfr31              sfr31        00000
__Lsfr4               sfr4         00000
__Lsfr5               sfr5         00000
__Lsfr6               sfr6         00000
__Lsfr7               sfr7         00000
__Lsfr8               sfr8         00000
__Lsfr9               sfr9         00000
__Lstrings            strings      00000
__Ltext               text         00000
__S0                  (abs)        08009
__S1                  (abs)        0007E
__S2                  (abs)        00000
__end_of_OpenPWM1     text257      004C3
__end_of_OpenPWM2     text259      004B8
__end_of_SetPWM1      text252      00504
__end_of_SetPWM2      text254      004EB
__end_of_get_usart    text253      005E4
__end_of_getch        text256      00539
__end_of_inRxData     text258      0059C
__end_of_init         text255      00559
__end_of_init_pwm     text251      0051D
__end_of_main         maintext     00800
__pbssBANK0           bssBANK0     00020
__pbssCOMMON          bssCOMMON    0007A
__pcstackCOMMON       cstackCOMMON 00070
__pmaintext           maintext     005E4
__ptext250            text250      00000
__ptext251            text251      00504
__ptext252            text252      004EB
__ptext253            text253      0059C
__ptext254            text254      004D2
__ptext255            text255      00539
__ptext256            text256      0051D
__ptext257            text257      004B8
__ptext258            text258      00559
__ptext259            text259      004AD
__ptext260            text260      00000
__size_of_OpenPWM1    (abs)        00000
__size_of_OpenPWM2    (abs)        00000
__size_of_SetPWM1     (abs)        00000
__size_of_SetPWM2     (abs)        00000
__size_of_get_usart   (abs)        00000
__size_of_getch       (abs)        00000
__size_of_inRxData    (abs)        00000
__size_of_init        (abs)        00000
__size_of_init_pwm    (abs)        00000
__size_of_main        (abs)        00000
_addata               bssBANK0     00026
_contORE              bssBANK0     0002E
_data                 bssBANK0     00020
_get_usart            text253      0059C
_getch                text256      0051D
_inRxData             text258      00559
_init                 text255      00539
_init_pwm             text251      00504
_main                 maintext     005E4
_pwmdirleft           bssCOMMON    0007A
_pwmdirright          bssCOMMON    0007C
_pwmtireleft          bssBANK0     00028
_pwmtireright         bssBANK0     0002A
_transam              bssBANK0     0002C
btemp                 (abs)        0007E
clear_ram             clrtext      004A7
end_of_initialization cinit        004CF
get_usart@i           cstackCOMMON 00076
getch@cnt             cstackCOMMON 00070
inRxData@cnt1         cstackCOMMON 00071
inRxData@cnt2         cstackCOMMON 00073
inRxData@rxData       cstackCOMMON 00070
intlevel0             functab      00000
intlevel1             functab      00000
intlevel2             functab      00000
intlevel3             functab      00000
intlevel4             functab      00000
intlevel5             functab      00000
main@cntError         cstackCOMMON 00078
reset_vec             reset_vec    00000
start                 init         00002
start_initialization  cinit        004C3
wtemp0                (abs)        0007E
